{
  "version": "1.5.0",
  "plugins_used": [
    {
      "name": "ArtifactoryDetector"
    },
    {
      "name": "AWSKeyDetector"
    },
    {
      "name": "AzureStorageKeyDetector"
    },
    {
      "name": "Base64HighEntropyString",
      "limit": 4.5
    },
    {
      "name": "BasicAuthDetector"
    },
    {
      "name": "CloudantDetector"
    },
    {
      "name": "DiscordBotTokenDetector"
    },
    {
      "name": "GitHubTokenDetector"
    },
    {
      "name": "GitLabTokenDetector"
    },
    {
      "name": "HexHighEntropyString",
      "limit": 3.0
    },
    {
      "name": "IbmCloudIamDetector"
    },
    {
      "name": "IbmCosHmacDetector"
    },
    {
      "name": "IPPublicDetector"
    },
    {
      "name": "JwtTokenDetector"
    },
    {
      "name": "KeywordDetector",
      "keyword_exclude": ""
    },
    {
      "name": "MailchimpDetector"
    },
    {
      "name": "NpmDetector"
    },
    {
      "name": "OpenAIDetector"
    },
    {
      "name": "PrivateKeyDetector"
    },
    {
      "name": "PypiTokenDetector"
    },
    {
      "name": "SendGridDetector"
    },
    {
      "name": "SlackDetector"
    },
    {
      "name": "SoftlayerDetector"
    },
    {
      "name": "SquareOAuthDetector"
    },
    {
      "name": "StripeDetector"
    },
    {
      "name": "TelegramBotTokenDetector"
    },
    {
      "name": "TwilioKeyDetector"
    }
  ],
  "filters_used": [
    {
      "path": "detect_secrets.filters.allowlist.is_line_allowlisted"
    },
    {
      "path": "detect_secrets.filters.common.is_baseline_file",
      "filename": "/home/antonio/repos/biolab-runners/.secrets.baseline"
    },
    {
      "path": "detect_secrets.filters.common.is_ignored_due_to_verification_policies",
      "min_level": 2
    },
    {
      "path": "detect_secrets.filters.heuristic.is_indirect_reference"
    },
    {
      "path": "detect_secrets.filters.heuristic.is_likely_id_string"
    },
    {
      "path": "detect_secrets.filters.heuristic.is_lock_file"
    },
    {
      "path": "detect_secrets.filters.heuristic.is_not_alphanumeric_string"
    },
    {
      "path": "detect_secrets.filters.heuristic.is_potential_uuid"
    },
    {
      "path": "detect_secrets.filters.heuristic.is_prefixed_with_dollar_sign"
    },
    {
      "path": "detect_secrets.filters.heuristic.is_sequential_string"
    },
    {
      "path": "detect_secrets.filters.heuristic.is_swagger_file"
    },
    {
      "path": "detect_secrets.filters.heuristic.is_templated_secret"
    },
    {
      "path": "detect_secrets.filters.regex.should_exclude_file",
      "pattern": [
        ".secrets.baseline",
        "scripts/bootstrap/test_hooks.py"
      ]
    }
  ],
  "results": {
    "docs/SBOM/syft-scan.spdx.json": [
      {
        "type": "Base64 High Entropy String",
        "filename": "docs/SBOM/syft-scan.spdx.json",
        "hashed_secret": "009e9bb32d23bdae96a5c30104f6b93e56d72589",
        "is_verified": false,
        "line_number": 1
      },
      {
        "type": "Hex High Entropy String",
        "filename": "docs/SBOM/syft-scan.spdx.json",
        "hashed_secret": "00a5150c2db9a82bc43b0400c49d81440e1fc0e4",
        "is_verified": false,
        "line_number": 1
      },
      {
        "type": "Base64 High Entropy String",
        "filename": "docs/SBOM/syft-scan.spdx.json",
        "hashed_secret": "00b2915e5d7a99a6edc61dc9661070c53ee97a11",
        "is_verified": false,
        "line_number": 1
      },
      {
        "type": "Hex High Entropy String",
        "filename": "docs/SBOM/syft-scan.spdx.json",
        "hashed_secret": "01947e83499e3a0fdd96e9aa9f5bae0d157795e1",
        "is_verified": false,
        "line_number": 1
      },
      {
        "type": "Hex High Entropy String",
        "filename": "docs/SBOM/syft-scan.spdx.json",
        "hashed_secret": "021a7623408ef3587e92e6e197e46038ff04610e",
        "is_verified": false,
        "line_number": 1
      },
      {
        "type": "Base64 High Entropy String",
        "filename": "docs/SBOM/syft-scan.spdx.json",
        "hashed_secret": "027f731caff68618313b2ddeadcc8ce04a684a0a",
        "is_verified": false,
        "line_number": 1
      },
      {
        "type": "Hex High Entropy String",
        "filename": "docs/SBOM/syft-scan.spdx.json",
        "hashed_secret": "033b8ee04b606f0003444b0991dfd8d2c79d9e21",
        "is_verified": false,
        "line_number": 1
      },
      {
        "type": "Base64 High Entropy String",
        "filename": "docs/SBOM/syft-scan.spdx.json",
        "hashed_secret": "03b2c22dd11ec6ac4fc6acf3d7158141f5a0dd39",
        "is_verified": false,
        "line_number": 1
      },
      {
        "type": "Hex High Entropy String",
        "filename": "docs/SBOM/syft-scan.spdx.json",
        "hashed_secret": "04a8fbb6bac9e67c542aa1b4b607cac5abd2d102",
        "is_verified": false,
        "line_number": 1
      },
      {
        "type": "Hex High Entropy String",
        "filename": "docs/SBOM/syft-scan.spdx.json",
        "hashed_secret": "059462cf78aa8f33f95ff985a1ed9d44e1411a61",
        "is_verified": false,
        "line_number": 1
      },
      {
        "type": "Hex High Entropy String",
        "filename": "docs/SBOM/syft-scan.spdx.json",
        "hashed_secret": "05e2f1f152cfb99cd54813f7b3f142b78eb39971",
        "is_verified": false,
        "line_number": 1
      },
      {
        "type": "Hex High Entropy String",
        "filename": "docs/SBOM/syft-scan.spdx.json",
        "hashed_secret": "06e70b9de2c6f589f1d372e07e6ed4419d42f3d8",
        "is_verified": false,
        "line_number": 1
      },
      {
        "type": "Hex High Entropy String",
        "filename": "docs/SBOM/syft-scan.spdx.json",
        "hashed_secret": "077a70aeef433fe608ca52b3b08d8441f4652496",
        "is_verified": false,
        "line_number": 1
      },
      {
        "type": "Base64 High Entropy String",
        "filename": "docs/SBOM/syft-scan.spdx.json",
        "hashed_secret": "07de025a88c1c1419f55c70d54851f4c09562b00",
        "is_verified": false,
        "line_number": 1
      },
      {
        "type": "Base64 High Entropy String",
        "filename": "docs/SBOM/syft-scan.spdx.json",
        "hashed_secret": "0808e38eac8a07806e3bfba29c7b70cb4c317f0e",
        "is_verified": false,
        "line_number": 1
      },
      {
        "type": "Hex High Entropy String",
        "filename": "docs/SBOM/syft-scan.spdx.json",
        "hashed_secret": "08fc1fcf55b7dbf013babc9b7630b6e69bd52f2e",
        "is_verified": false,
        "line_number": 1
      },
      {
        "type": "Hex High Entropy String",
        "filename": "docs/SBOM/syft-scan.spdx.json",
        "hashed_secret": "0bb0a8bb284cff903c253bef9dfc8479dcc9a8f0",
        "is_verified": false,
        "line_number": 1
      },
      {
        "type": "Base64 High Entropy String",
        "filename": "docs/SBOM/syft-scan.spdx.json",
        "hashed_secret": "0bb46460729d82454f02cb8e004288dcee41ed44",
        "is_verified": false,
        "line_number": 1
      },
      {
        "type": "Hex High Entropy String",
        "filename": "docs/SBOM/syft-scan.spdx.json",
        "hashed_secret": "0c92f3473ec053684b7046609e554565b98412d5",
        "is_verified": false,
        "line_number": 1
      },
      {
        "type": "Base64 High Entropy String",
        "filename": "docs/SBOM/syft-scan.spdx.json",
        "hashed_secret": "0d0612bd86bc1196b74a9f118fc789a5d6f2bb4d",
        "is_verified": false,
        "line_number": 1
      },
      {
        "type": "Hex High Entropy String",
        "filename": "docs/SBOM/syft-scan.spdx.json",
        "hashed_secret": "0dc85f0336b338ad98a22ae56fc075f2b757becd",
        "is_verified": false,
        "line_number": 1
      },
      {
        "type": "Base64 High Entropy String",
        "filename": "docs/SBOM/syft-scan.spdx.json",
        "hashed_secret": "11ab00b12451e0c09ebd9fb1a9cf39b1aeb3dc33",
        "is_verified": false,
        "line_number": 1
      },
      {
        "type": "Base64 High Entropy String",
        "filename": "docs/SBOM/syft-scan.spdx.json",
        "hashed_secret": "11f6967da4406f58240a1def33ef424ec0f61ea5",
        "is_verified": false,
        "line_number": 1
      },
      {
        "type": "Base64 High Entropy String",
        "filename": "docs/SBOM/syft-scan.spdx.json",
        "hashed_secret": "1202d3e76f3e524c3985552bb44d0bb929a919db",
        "is_verified": false,
        "line_number": 1
      },
      {
        "type": "Base64 High Entropy String",
        "filename": "docs/SBOM/syft-scan.spdx.json",
        "hashed_secret": "121bdc17b8ee217f214516b07abf2bb579b9b9d6",
        "is_verified": false,
        "line_number": 1
      },
      {
        "type": "Hex High Entropy String",
        "filename": "docs/SBOM/syft-scan.spdx.json",
        "hashed_secret": "13531003490fd047a537e0c36a09cc2cea773734",
        "is_verified": false,
        "line_number": 1
      },
      {
        "type": "Hex High Entropy String",
        "filename": "docs/SBOM/syft-scan.spdx.json",
        "hashed_secret": "1377b3f6ea5c6145954d912cd3d3906162eae7c4",
        "is_verified": false,
        "line_number": 1
      },
      {
        "type": "Base64 High Entropy String",
        "filename": "docs/SBOM/syft-scan.spdx.json",
        "hashed_secret": "152999312e09c607cdd6dfc21e24dd7c6a8793db",
        "is_verified": false,
        "line_number": 1
      },
      {
        "type": "Hex High Entropy String",
        "filename": "docs/SBOM/syft-scan.spdx.json",
        "hashed_secret": "154015836664b3ece16dbc37c6452464553550d3",
        "is_verified": false,
        "line_number": 1
      },
      {
        "type": "Base64 High Entropy String",
        "filename": "docs/SBOM/syft-scan.spdx.json",
        "hashed_secret": "166527e7d1cf79a0b0f2636a3e9be3f9a335d125",
        "is_verified": false,
        "line_number": 1
      },
      {
        "type": "Hex High Entropy String",
        "filename": "docs/SBOM/syft-scan.spdx.json",
        "hashed_secret": "16ca0b3a3fa662b3443d8276e8d68037daf24e1d",
        "is_verified": false,
        "line_number": 1
      },
      {
        "type": "Base64 High Entropy String",
        "filename": "docs/SBOM/syft-scan.spdx.json",
        "hashed_secret": "185db12eed01b44fd037c0b1a79c15fbd5facff0",
        "is_verified": false,
        "line_number": 1
      },
      {
        "type": "Hex High Entropy String",
        "filename": "docs/SBOM/syft-scan.spdx.json",
        "hashed_secret": "1af2d52419ad6c51e71097adccfc1c68a70379cd",
        "is_verified": false,
        "line_number": 1
      },
      {
        "type": "Hex High Entropy String",
        "filename": "docs/SBOM/syft-scan.spdx.json",
        "hashed_secret": "1bae744848f6b7871295ad3f0698e36a4173801f",
        "is_verified": false,
        "line_number": 1
      },
      {
        "type": "Hex High Entropy String",
        "filename": "docs/SBOM/syft-scan.spdx.json",
        "hashed_secret": "1c312e18de42cf20ac14f389cdc6133465622b1a",
        "is_verified": false,
        "line_number": 1
      },
      {
        "type": "Hex High Entropy String",
        "filename": "docs/SBOM/syft-scan.spdx.json",
        "hashed_secret": "1c66d3970facd5f8e0354795ab57774433a8059e",
        "is_verified": false,
        "line_number": 1
      },
      {
        "type": "Hex High Entropy String",
        "filename": "docs/SBOM/syft-scan.spdx.json",
        "hashed_secret": "1c94fc7bdf0d36178b73a68805f86c12b3c7a8d4",
        "is_verified": false,
        "line_number": 1
      },
      {
        "type": "Hex High Entropy String",
        "filename": "docs/SBOM/syft-scan.spdx.json",
        "hashed_secret": "1cb678cf08d9a3c8f5ad7f7a8aa90ffe68a02807",
        "is_verified": false,
        "line_number": 1
      },
      {
        "type": "Base64 High Entropy String",
        "filename": "docs/SBOM/syft-scan.spdx.json",
        "hashed_secret": "1da29cb7c1ce17cdfe2b42f9c0044cc6ce8355c8",
        "is_verified": false,
        "line_number": 1
      },
      {
        "type": "Base64 High Entropy String",
        "filename": "docs/SBOM/syft-scan.spdx.json",
        "hashed_secret": "1e50c0d23225e896d04556aa11d4d0f8d4c62a34",
        "is_verified": false,
        "line_number": 1
      },
      {
        "type": "Hex High Entropy String",
        "filename": "docs/SBOM/syft-scan.spdx.json",
        "hashed_secret": "1eeba4b517ff6be2dd93f7e73e026dbc1db86ef7",
        "is_verified": false,
        "line_number": 1
      },
      {
        "type": "Hex High Entropy String",
        "filename": "docs/SBOM/syft-scan.spdx.json",
        "hashed_secret": "201582624d10d3af34ba00668b71e286aa917c61",
        "is_verified": false,
        "line_number": 1
      },
      {
        "type": "Hex High Entropy String",
        "filename": "docs/SBOM/syft-scan.spdx.json",
        "hashed_secret": "212383c2523e5345d9f80d51e08a8e4db25d23d4",
        "is_verified": false,
        "line_number": 1
      },
      {
        "type": "Hex High Entropy String",
        "filename": "docs/SBOM/syft-scan.spdx.json",
        "hashed_secret": "213d5d0b6862f88f9799d5b04f5fae2161197660",
        "is_verified": false,
        "line_number": 1
      },
      {
        "type": "Base64 High Entropy String",
        "filename": "docs/SBOM/syft-scan.spdx.json",
        "hashed_secret": "213fd9d3d9aa6d8bb2991243c9a53f88532078d6",
        "is_verified": false,
        "line_number": 1
      },
      {
        "type": "Hex High Entropy String",
        "filename": "docs/SBOM/syft-scan.spdx.json",
        "hashed_secret": "21d551094b0f3c8cd904c095cda19a13c640c10c",
        "is_verified": false,
        "line_number": 1
      },
      {
        "type": "Base64 High Entropy String",
        "filename": "docs/SBOM/syft-scan.spdx.json",
        "hashed_secret": "23ebe25478340ff054c4b58c5ca603feaf72f30f",
        "is_verified": false,
        "line_number": 1
      },
      {
        "type": "Hex High Entropy String",
        "filename": "docs/SBOM/syft-scan.spdx.json",
        "hashed_secret": "24004a95c4a855d840411547215dd80bfc941d70",
        "is_verified": false,
        "line_number": 1
      },
      {
        "type": "Hex High Entropy String",
        "filename": "docs/SBOM/syft-scan.spdx.json",
        "hashed_secret": "245b1e6728793b5caf8c5a79051ae8538300ad34",
        "is_verified": false,
        "line_number": 1
      },
      {
        "type": "Hex High Entropy String",
        "filename": "docs/SBOM/syft-scan.spdx.json",
        "hashed_secret": "24b100a3abdea2912a92e7a3e24a180b8296aeed",
        "is_verified": false,
        "line_number": 1
      },
      {
        "type": "Hex High Entropy String",
        "filename": "docs/SBOM/syft-scan.spdx.json",
        "hashed_secret": "256a7a363910fd3b54c6b57e5327b40d44c49b85",
        "is_verified": false,
        "line_number": 1
      },
      {
        "type": "Base64 High Entropy String",
        "filename": "docs/SBOM/syft-scan.spdx.json",
        "hashed_secret": "27030e6aa8a0b390ec2324309cf1ac7acc557430",
        "is_verified": false,
        "line_number": 1
      },
      {
        "type": "Hex High Entropy String",
        "filename": "docs/SBOM/syft-scan.spdx.json",
        "hashed_secret": "2819ff65a126c1d94e72e6d018e6a5ebfee5be43",
        "is_verified": false,
        "line_number": 1
      },
      {
        "type": "Hex High Entropy String",
        "filename": "docs/SBOM/syft-scan.spdx.json",
        "hashed_secret": "2855ca2939ae4bd1e11397098defba10443586c9",
        "is_verified": false,
        "line_number": 1
      },
      {
        "type": "Hex High Entropy String",
        "filename": "docs/SBOM/syft-scan.spdx.json",
        "hashed_secret": "294125cb20252ca0fdfc5ebdd2a7813f75ad85e0",
        "is_verified": false,
        "line_number": 1
      },
      {
        "type": "Hex High Entropy String",
        "filename": "docs/SBOM/syft-scan.spdx.json",
        "hashed_secret": "29b2edb07853e2fb171ce2fd60be6819e1703114",
        "is_verified": false,
        "line_number": 1
      },
      {
        "type": "Hex High Entropy String",
        "filename": "docs/SBOM/syft-scan.spdx.json",
        "hashed_secret": "2c432de8127829bf7be858741c42246a29631ab5",
        "is_verified": false,
        "line_number": 1
      },
      {
        "type": "Hex High Entropy String",
        "filename": "docs/SBOM/syft-scan.spdx.json",
        "hashed_secret": "2c9cc6b7cf5441902093804cbac3ea5ff2a9304d",
        "is_verified": false,
        "line_number": 1
      },
      {
        "type": "Base64 High Entropy String",
        "filename": "docs/SBOM/syft-scan.spdx.json",
        "hashed_secret": "2d30da72353d6e194dec83fbc8e0d0c2de9d4d30",
        "is_verified": false,
        "line_number": 1
      },
      {
        "type": "Hex High Entropy String",
        "filename": "docs/SBOM/syft-scan.spdx.json",
        "hashed_secret": "2d3f021d8fc4fde28e862427b29aa44341aec91c",
        "is_verified": false,
        "line_number": 1
      },
      {
        "type": "Hex High Entropy String",
        "filename": "docs/SBOM/syft-scan.spdx.json",
        "hashed_secret": "2e3a55e5ef7c85a582713ad8529646157dd66483",
        "is_verified": false,
        "line_number": 1
      },
      {
        "type": "Hex High Entropy String",
        "filename": "docs/SBOM/syft-scan.spdx.json",
        "hashed_secret": "2f0b226af347a7e324fc1f8d7bd1e6123710a148",
        "is_verified": false,
        "line_number": 1
      },
      {
        "type": "Base64 High Entropy String",
        "filename": "docs/SBOM/syft-scan.spdx.json",
        "hashed_secret": "307e1b82e20a27f1471063ef980360a89b4c03c9",
        "is_verified": false,
        "line_number": 1
      },
      {
        "type": "Hex High Entropy String",
        "filename": "docs/SBOM/syft-scan.spdx.json",
        "hashed_secret": "311bfe0f7e3d50635efd79a2ab2b98b7f8e9aeb6",
        "is_verified": false,
        "line_number": 1
      },
      {
        "type": "Base64 High Entropy String",
        "filename": "docs/SBOM/syft-scan.spdx.json",
        "hashed_secret": "317da52469e39c313bcf9448a1b39caa8b3a7021",
        "is_verified": false,
        "line_number": 1
      },
      {
        "type": "Hex High Entropy String",
        "filename": "docs/SBOM/syft-scan.spdx.json",
        "hashed_secret": "321d12c2ea36ada22916260451cbd6f44085bf09",
        "is_verified": false,
        "line_number": 1
      },
      {
        "type": "Base64 High Entropy String",
        "filename": "docs/SBOM/syft-scan.spdx.json",
        "hashed_secret": "32f91cd5d8f2bcaa278933580eb96dc0d0ccd63b",
        "is_verified": false,
        "line_number": 1
      },
      {
        "type": "Base64 High Entropy String",
        "filename": "docs/SBOM/syft-scan.spdx.json",
        "hashed_secret": "32fe078d20d307ff3a7f78c6551577235e63b1ab",
        "is_verified": false,
        "line_number": 1
      },
      {
        "type": "Hex High Entropy String",
        "filename": "docs/SBOM/syft-scan.spdx.json",
        "hashed_secret": "34aa9b8c03f4122cc99c81afacdd82695f958455",
        "is_verified": false,
        "line_number": 1
      },
      {
        "type": "Base64 High Entropy String",
        "filename": "docs/SBOM/syft-scan.spdx.json",
        "hashed_secret": "35aac1c5cb69892c53346ecf1dddd86a06171840",
        "is_verified": false,
        "line_number": 1
      },
      {
        "type": "Hex High Entropy String",
        "filename": "docs/SBOM/syft-scan.spdx.json",
        "hashed_secret": "37c53b4d18ab14dc21ce82902ed1a42d9b579c6d",
        "is_verified": false,
        "line_number": 1
      },
      {
        "type": "Base64 High Entropy String",
        "filename": "docs/SBOM/syft-scan.spdx.json",
        "hashed_secret": "3898a843857a9fce2acd2bd9ab911de9515af137",
        "is_verified": false,
        "line_number": 1
      },
      {
        "type": "Base64 High Entropy String",
        "filename": "docs/SBOM/syft-scan.spdx.json",
        "hashed_secret": "38e7d0ec77a91a057dd6c773d5b34983c98c140a",
        "is_verified": false,
        "line_number": 1
      },
      {
        "type": "Hex High Entropy String",
        "filename": "docs/SBOM/syft-scan.spdx.json",
        "hashed_secret": "393bddf4e68864493cae1250c44d6c6e553eba9a",
        "is_verified": false,
        "line_number": 1
      },
      {
        "type": "Hex High Entropy String",
        "filename": "docs/SBOM/syft-scan.spdx.json",
        "hashed_secret": "3aa6821bcfd7196f58f3036ddb5bb215debed3ba",
        "is_verified": false,
        "line_number": 1
      },
      {
        "type": "Hex High Entropy String",
        "filename": "docs/SBOM/syft-scan.spdx.json",
        "hashed_secret": "3b26c93b6475056a29ae92e187cf4245123b29d3",
        "is_verified": false,
        "line_number": 1
      },
      {
        "type": "Hex High Entropy String",
        "filename": "docs/SBOM/syft-scan.spdx.json",
        "hashed_secret": "3c0ba4ddd801b2f3765401060270ad534efc198d",
        "is_verified": false,
        "line_number": 1
      },
      {
        "type": "Base64 High Entropy String",
        "filename": "docs/SBOM/syft-scan.spdx.json",
        "hashed_secret": "3c73a73aa37dbb9fcacca10da81cef2f06046959",
        "is_verified": false,
        "line_number": 1
      },
      {
        "type": "Hex High Entropy String",
        "filename": "docs/SBOM/syft-scan.spdx.json",
        "hashed_secret": "3cd7a67da6487fcacaffab39415f8e9dd03f90e0",
        "is_verified": false,
        "line_number": 1
      },
      {
        "type": "Base64 High Entropy String",
        "filename": "docs/SBOM/syft-scan.spdx.json",
        "hashed_secret": "3d8d82c13e2e47fb3277dc7396ee69ad2f12257c",
        "is_verified": false,
        "line_number": 1
      },
      {
        "type": "Hex High Entropy String",
        "filename": "docs/SBOM/syft-scan.spdx.json",
        "hashed_secret": "3f01277a46f0c1e33ae2516b51aa89aa45968863",
        "is_verified": false,
        "line_number": 1
      },
      {
        "type": "Hex High Entropy String",
        "filename": "docs/SBOM/syft-scan.spdx.json",
        "hashed_secret": "3f0fd426ab2517b49200c979a1a6f347a8b906d4",
        "is_verified": false,
        "line_number": 1
      },
      {
        "type": "Hex High Entropy String",
        "filename": "docs/SBOM/syft-scan.spdx.json",
        "hashed_secret": "408834524480bdb755c96af5b95cd5ea5cbe90ad",
        "is_verified": false,
        "line_number": 1
      },
      {
        "type": "Base64 High Entropy String",
        "filename": "docs/SBOM/syft-scan.spdx.json",
        "hashed_secret": "43d46fdd6f9a6744e96f20979bdf2754ceebc1a0",
        "is_verified": false,
        "line_number": 1
      },
      {
        "type": "Base64 High Entropy String",
        "filename": "docs/SBOM/syft-scan.spdx.json",
        "hashed_secret": "444fcc98cc6662d7763e113b97cd6e9b88404978",
        "is_verified": false,
        "line_number": 1
      },
      {
        "type": "Hex High Entropy String",
        "filename": "docs/SBOM/syft-scan.spdx.json",
        "hashed_secret": "447ea6ed019500b6c0e16d4f3a36c8cb39c18c6b",
        "is_verified": false,
        "line_number": 1
      },
      {
        "type": "Hex High Entropy String",
        "filename": "docs/SBOM/syft-scan.spdx.json",
        "hashed_secret": "472cca681e52f54b46aa9a6ee4ba03b7f2b792d1",
        "is_verified": false,
        "line_number": 1
      },
      {
        "type": "Base64 High Entropy String",
        "filename": "docs/SBOM/syft-scan.spdx.json",
        "hashed_secret": "48ffcbf336b859225b996a1514e1ebd527693156",
        "is_verified": false,
        "line_number": 1
      },
      {
        "type": "Base64 High Entropy String",
        "filename": "docs/SBOM/syft-scan.spdx.json",
        "hashed_secret": "4906bda089879e14a4e061b586292596d3d6956f",
        "is_verified": false,
        "line_number": 1
      },
      {
        "type": "Hex High Entropy String",
        "filename": "docs/SBOM/syft-scan.spdx.json",
        "hashed_secret": "49215fbc4a4c8571d5a500af09391a0ebff42934",
        "is_verified": false,
        "line_number": 1
      },
      {
        "type": "Hex High Entropy String",
        "filename": "docs/SBOM/syft-scan.spdx.json",
        "hashed_secret": "49d3585643cd935aba9d6194a86d0a41e4a8e568",
        "is_verified": false,
        "line_number": 1
      },
      {
        "type": "Hex High Entropy String",
        "filename": "docs/SBOM/syft-scan.spdx.json",
        "hashed_secret": "49ed89ec0b93ea7f7a1bc4ab8581e4501ecca993",
        "is_verified": false,
        "line_number": 1
      },
      {
        "type": "Hex High Entropy String",
        "filename": "docs/SBOM/syft-scan.spdx.json",
        "hashed_secret": "4af044e0fc8336d309374181bbf42326e5beb960",
        "is_verified": false,
        "line_number": 1
      },
      {
        "type": "Hex High Entropy String",
        "filename": "docs/SBOM/syft-scan.spdx.json",
        "hashed_secret": "4bd174410226365cf5aab6b837ff032a0d3a6974",
        "is_verified": false,
        "line_number": 1
      },
      {
        "type": "Hex High Entropy String",
        "filename": "docs/SBOM/syft-scan.spdx.json",
        "hashed_secret": "4cc3399b82f2050702ab3d88f68a9e62cae47c74",
        "is_verified": false,
        "line_number": 1
      },
      {
        "type": "Base64 High Entropy String",
        "filename": "docs/SBOM/syft-scan.spdx.json",
        "hashed_secret": "4d70a04f8d3d24680b74524ad530cea1b9d83eeb",
        "is_verified": false,
        "line_number": 1
      },
      {
        "type": "Base64 High Entropy String",
        "filename": "docs/SBOM/syft-scan.spdx.json",
        "hashed_secret": "4da576f9f7d055ddce66053e18f4d04ffaf97619",
        "is_verified": false,
        "line_number": 1
      },
      {
        "type": "Base64 High Entropy String",
        "filename": "docs/SBOM/syft-scan.spdx.json",
        "hashed_secret": "4e31f5068208282291383949b808cf517af00945",
        "is_verified": false,
        "line_number": 1
      },
      {
        "type": "Hex High Entropy String",
        "filename": "docs/SBOM/syft-scan.spdx.json",
        "hashed_secret": "4e40996c5fd11646f2d16ccc35591ef3a2d667c9",
        "is_verified": false,
        "line_number": 1
      },
      {
        "type": "Hex High Entropy String",
        "filename": "docs/SBOM/syft-scan.spdx.json",
        "hashed_secret": "512af1263adbde8de7b27276537afe9548065ea8",
        "is_verified": false,
        "line_number": 1
      },
      {
        "type": "Hex High Entropy String",
        "filename": "docs/SBOM/syft-scan.spdx.json",
        "hashed_secret": "538e701fa6bc442afb715b966c09c3c96dec0d70",
        "is_verified": false,
        "line_number": 1
      },
      {
        "type": "Hex High Entropy String",
        "filename": "docs/SBOM/syft-scan.spdx.json",
        "hashed_secret": "541d0818ed8eca866ccd4b5d8185a1c296caed1a",
        "is_verified": false,
        "line_number": 1
      },
      {
        "type": "Base64 High Entropy String",
        "filename": "docs/SBOM/syft-scan.spdx.json",
        "hashed_secret": "5458b6f544db150c656e17cb09ba05b6e260ff5e",
        "is_verified": false,
        "line_number": 1
      },
      {
        "type": "Base64 High Entropy String",
        "filename": "docs/SBOM/syft-scan.spdx.json",
        "hashed_secret": "5462161816b084d9ae6b302850ac6a25153e340c",
        "is_verified": false,
        "line_number": 1
      },
      {
        "type": "Hex High Entropy String",
        "filename": "docs/SBOM/syft-scan.spdx.json",
        "hashed_secret": "54fd936b91ab87ca485edd46f964d31a105df461",
        "is_verified": false,
        "line_number": 1
      },
      {
        "type": "Hex High Entropy String",
        "filename": "docs/SBOM/syft-scan.spdx.json",
        "hashed_secret": "550110f418ae97449c96c0e6dbdff5b3e9cf60ad",
        "is_verified": false,
        "line_number": 1
      },
      {
        "type": "Hex High Entropy String",
        "filename": "docs/SBOM/syft-scan.spdx.json",
        "hashed_secret": "559e08d4bd1e33a9e17286264f39b826aabbede0",
        "is_verified": false,
        "line_number": 1
      },
      {
        "type": "Base64 High Entropy String",
        "filename": "docs/SBOM/syft-scan.spdx.json",
        "hashed_secret": "55ac30810d2bda97e1363f7ec011cffbf62a66c3",
        "is_verified": false,
        "line_number": 1
      },
      {
        "type": "Base64 High Entropy String",
        "filename": "docs/SBOM/syft-scan.spdx.json",
        "hashed_secret": "5624fc43762aa5679174f3592a8998dd906969a9",
        "is_verified": false,
        "line_number": 1
      },
      {
        "type": "Base64 High Entropy String",
        "filename": "docs/SBOM/syft-scan.spdx.json",
        "hashed_secret": "56988ecf0a156dd3ea035993927569a32754145d",
        "is_verified": false,
        "line_number": 1
      },
      {
        "type": "Hex High Entropy String",
        "filename": "docs/SBOM/syft-scan.spdx.json",
        "hashed_secret": "573a6f9bd826b56b3f167fc908cfa15fa15f2f4a",
        "is_verified": false,
        "line_number": 1
      },
      {
        "type": "Hex High Entropy String",
        "filename": "docs/SBOM/syft-scan.spdx.json",
        "hashed_secret": "57f9a91a87ad607834ae290bf6b5255a4472eca3",
        "is_verified": false,
        "line_number": 1
      },
      {
        "type": "Hex High Entropy String",
        "filename": "docs/SBOM/syft-scan.spdx.json",
        "hashed_secret": "5828e9fb0348a43049593b0719e5cf7706b03d84",
        "is_verified": false,
        "line_number": 1
      },
      {
        "type": "Base64 High Entropy String",
        "filename": "docs/SBOM/syft-scan.spdx.json",
        "hashed_secret": "587edd34c4a4137f6c09942fc43335fd9c818ab8",
        "is_verified": false,
        "line_number": 1
      },
      {
        "type": "Base64 High Entropy String",
        "filename": "docs/SBOM/syft-scan.spdx.json",
        "hashed_secret": "591d81fbc656bddaff81b7edf136b18950c01c52",
        "is_verified": false,
        "line_number": 1
      },
      {
        "type": "Hex High Entropy String",
        "filename": "docs/SBOM/syft-scan.spdx.json",
        "hashed_secret": "59939e4365093ea38a224d6d5bcabcef3916ae77",
        "is_verified": false,
        "line_number": 1
      },
      {
        "type": "Hex High Entropy String",
        "filename": "docs/SBOM/syft-scan.spdx.json",
        "hashed_secret": "5a20e54e8658e9e0da4b41ddcdd7c1cfe6921a94",
        "is_verified": false,
        "line_number": 1
      },
      {
        "type": "Base64 High Entropy String",
        "filename": "docs/SBOM/syft-scan.spdx.json",
        "hashed_secret": "5aa4c6452094a22849d8809c4dc45e41453a3c8a",
        "is_verified": false,
        "line_number": 1
      },
      {
        "type": "Base64 High Entropy String",
        "filename": "docs/SBOM/syft-scan.spdx.json",
        "hashed_secret": "5b096e7dc9a429b472dd8b5e1335bd50477b37ff",
        "is_verified": false,
        "line_number": 1
      },
      {
        "type": "Base64 High Entropy String",
        "filename": "docs/SBOM/syft-scan.spdx.json",
        "hashed_secret": "5b0f42edad3ab55691c1c02f9ec7ac04148eb801",
        "is_verified": false,
        "line_number": 1
      },
      {
        "type": "Hex High Entropy String",
        "filename": "docs/SBOM/syft-scan.spdx.json",
        "hashed_secret": "5b58f1c05cce65757aeda1d0d0f00d24a70d698c",
        "is_verified": false,
        "line_number": 1
      },
      {
        "type": "Hex High Entropy String",
        "filename": "docs/SBOM/syft-scan.spdx.json",
        "hashed_secret": "5b951de44efc47cd270a722964ab6bc78ee8cd80",
        "is_verified": false,
        "line_number": 1
      },
      {
        "type": "Hex High Entropy String",
        "filename": "docs/SBOM/syft-scan.spdx.json",
        "hashed_secret": "5bf74dc2cfd16e0705e5ac05f5507c41ba94395c",
        "is_verified": false,
        "line_number": 1
      },
      {
        "type": "Base64 High Entropy String",
        "filename": "docs/SBOM/syft-scan.spdx.json",
        "hashed_secret": "5c0cfec6288695181e02c6a9473b72ba7d2cfe32",
        "is_verified": false,
        "line_number": 1
      },
      {
        "type": "Hex High Entropy String",
        "filename": "docs/SBOM/syft-scan.spdx.json",
        "hashed_secret": "5ca539bb865002c2f56882124248c786cd8dc5fa",
        "is_verified": false,
        "line_number": 1
      },
      {
        "type": "Hex High Entropy String",
        "filename": "docs/SBOM/syft-scan.spdx.json",
        "hashed_secret": "5e30e7a8638d3a7a2959837d47a3c00909f2a5da",
        "is_verified": false,
        "line_number": 1
      },
      {
        "type": "Base64 High Entropy String",
        "filename": "docs/SBOM/syft-scan.spdx.json",
        "hashed_secret": "5e94dfce55594b26ab4545fc9daf6983590ceb05",
        "is_verified": false,
        "line_number": 1
      },
      {
        "type": "Base64 High Entropy String",
        "filename": "docs/SBOM/syft-scan.spdx.json",
        "hashed_secret": "5edf432efb6a452902d8ef4eb8f675b6236689c3",
        "is_verified": false,
        "line_number": 1
      },
      {
        "type": "Base64 High Entropy String",
        "filename": "docs/SBOM/syft-scan.spdx.json",
        "hashed_secret": "5ef5dbfdc78daa64c3244497fc56f28fe831daf3",
        "is_verified": false,
        "line_number": 1
      },
      {
        "type": "Base64 High Entropy String",
        "filename": "docs/SBOM/syft-scan.spdx.json",
        "hashed_secret": "604264772d180314038a8ceac3d3bbdbab3abd53",
        "is_verified": false,
        "line_number": 1
      },
      {
        "type": "Hex High Entropy String",
        "filename": "docs/SBOM/syft-scan.spdx.json",
        "hashed_secret": "60ad915f057e32cf695e1a97b649ff857b96bd59",
        "is_verified": false,
        "line_number": 1
      },
      {
        "type": "Base64 High Entropy String",
        "filename": "docs/SBOM/syft-scan.spdx.json",
        "hashed_secret": "62fa9b2f47b49ec1df57ae16de9415516772d368",
        "is_verified": false,
        "line_number": 1
      },
      {
        "type": "Base64 High Entropy String",
        "filename": "docs/SBOM/syft-scan.spdx.json",
        "hashed_secret": "636c0da1ce5bbf62c9e273459ef6154a88ab9422",
        "is_verified": false,
        "line_number": 1
      },
      {
        "type": "Base64 High Entropy String",
        "filename": "docs/SBOM/syft-scan.spdx.json",
        "hashed_secret": "645beca72c902e79863b243e33ac3a54d193053a",
        "is_verified": false,
        "line_number": 1
      },
      {
        "type": "Hex High Entropy String",
        "filename": "docs/SBOM/syft-scan.spdx.json",
        "hashed_secret": "6462453103cd023fb08c7dcd1017206b44e1a767",
        "is_verified": false,
        "line_number": 1
      },
      {
        "type": "Hex High Entropy String",
        "filename": "docs/SBOM/syft-scan.spdx.json",
        "hashed_secret": "654b21938fe440de16b601545b312d7ef407e5f8",
        "is_verified": false,
        "line_number": 1
      },
      {
        "type": "Hex High Entropy String",
        "filename": "docs/SBOM/syft-scan.spdx.json",
        "hashed_secret": "673e26240823ee2747bc3ea8bcea7b840ebab3e5",
        "is_verified": false,
        "line_number": 1
      },
      {
        "type": "Base64 High Entropy String",
        "filename": "docs/SBOM/syft-scan.spdx.json",
        "hashed_secret": "67e465b4208e0ca0bbc337415477cc8b8bb63d30",
        "is_verified": false,
        "line_number": 1
      },
      {
        "type": "Base64 High Entropy String",
        "filename": "docs/SBOM/syft-scan.spdx.json",
        "hashed_secret": "681cc3fce83e49cb731288c5db3a05ea24ead9f7",
        "is_verified": false,
        "line_number": 1
      },
      {
        "type": "Hex High Entropy String",
        "filename": "docs/SBOM/syft-scan.spdx.json",
        "hashed_secret": "69beeff5d28bf3f41a6e53324c362fef96df59c1",
        "is_verified": false,
        "line_number": 1
      },
      {
        "type": "Base64 High Entropy String",
        "filename": "docs/SBOM/syft-scan.spdx.json",
        "hashed_secret": "6acb1ebd26f46f1bc3645247cb765325490c0e49",
        "is_verified": false,
        "line_number": 1
      },
      {
        "type": "Hex High Entropy String",
        "filename": "docs/SBOM/syft-scan.spdx.json",
        "hashed_secret": "6bf42fee3059e7b4dc50583e0dfb52491236c88a",
        "is_verified": false,
        "line_number": 1
      },
      {
        "type": "Base64 High Entropy String",
        "filename": "docs/SBOM/syft-scan.spdx.json",
        "hashed_secret": "6cb34e9b96cb8321133529e1c9a396c9b370ad3f",
        "is_verified": false,
        "line_number": 1
      },
      {
        "type": "Base64 High Entropy String",
        "filename": "docs/SBOM/syft-scan.spdx.json",
        "hashed_secret": "6e952db9cf15d9da24ae723c18f7c2fdc06abd36",
        "is_verified": false,
        "line_number": 1
      },
      {
        "type": "Base64 High Entropy String",
        "filename": "docs/SBOM/syft-scan.spdx.json",
        "hashed_secret": "6ef9ba0a692027429bcc3cde26aef9a698eb2fcf",
        "is_verified": false,
        "line_number": 1
      },
      {
        "type": "Base64 High Entropy String",
        "filename": "docs/SBOM/syft-scan.spdx.json",
        "hashed_secret": "70750566c1e50f352549856b125fbb70e85ffb7e",
        "is_verified": false,
        "line_number": 1
      },
      {
        "type": "Hex High Entropy String",
        "filename": "docs/SBOM/syft-scan.spdx.json",
        "hashed_secret": "719cff72d6d86b863403b8542c57c20ccc4b33df",
        "is_verified": false,
        "line_number": 1
      },
      {
        "type": "Hex High Entropy String",
        "filename": "docs/SBOM/syft-scan.spdx.json",
        "hashed_secret": "71a8440844648a08999cc03418d2c00520a12a21",
        "is_verified": false,
        "line_number": 1
      },
      {
        "type": "Hex High Entropy String",
        "filename": "docs/SBOM/syft-scan.spdx.json",
        "hashed_secret": "724b44f20c5cea7d3c7a0af5be5e482b244965f2",
        "is_verified": false,
        "line_number": 1
      },
      {
        "type": "Base64 High Entropy String",
        "filename": "docs/SBOM/syft-scan.spdx.json",
        "hashed_secret": "72a95bd8ea923602e16bd2c568c195db63a1ce3f",
        "is_verified": false,
        "line_number": 1
      },
      {
        "type": "Hex High Entropy String",
        "filename": "docs/SBOM/syft-scan.spdx.json",
        "hashed_secret": "72fe151b6d20c356e0d7d3eb713e73262ca152a2",
        "is_verified": false,
        "line_number": 1
      },
      {
        "type": "Base64 High Entropy String",
        "filename": "docs/SBOM/syft-scan.spdx.json",
        "hashed_secret": "73f4b6258b4f7ca56236c0c4eb8dc765b3d426fa",
        "is_verified": false,
        "line_number": 1
      },
      {
        "type": "Base64 High Entropy String",
        "filename": "docs/SBOM/syft-scan.spdx.json",
        "hashed_secret": "745d7d5146ac51395880fb754f2c0a3187636256",
        "is_verified": false,
        "line_number": 1
      },
      {
        "type": "Hex High Entropy String",
        "filename": "docs/SBOM/syft-scan.spdx.json",
        "hashed_secret": "7578d3f95f2787b5a6fcc0166fb9f266f6ce22ac",
        "is_verified": false,
        "line_number": 1
      },
      {
        "type": "Base64 High Entropy String",
        "filename": "docs/SBOM/syft-scan.spdx.json",
        "hashed_secret": "7673c430d531c817f651be3c6410d29ed5c3d9b3",
        "is_verified": false,
        "line_number": 1
      },
      {
        "type": "Hex High Entropy String",
        "filename": "docs/SBOM/syft-scan.spdx.json",
        "hashed_secret": "76d3910c2a82acd607eab011104ac1417415d3ce",
        "is_verified": false,
        "line_number": 1
      },
      {
        "type": "Base64 High Entropy String",
        "filename": "docs/SBOM/syft-scan.spdx.json",
        "hashed_secret": "76ef58e866853f54ec46adb7133794c238e2b386",
        "is_verified": false,
        "line_number": 1
      },
      {
        "type": "Base64 High Entropy String",
        "filename": "docs/SBOM/syft-scan.spdx.json",
        "hashed_secret": "77940f611ad186ecd0babeb650e9a79f902da28c",
        "is_verified": false,
        "line_number": 1
      },
      {
        "type": "Hex High Entropy String",
        "filename": "docs/SBOM/syft-scan.spdx.json",
        "hashed_secret": "7880eba106071f84d87ccc1100d822aee5dbd6de",
        "is_verified": false,
        "line_number": 1
      },
      {
        "type": "Hex High Entropy String",
        "filename": "docs/SBOM/syft-scan.spdx.json",
        "hashed_secret": "7899ea77d4632224c70ad8c073791ee87c259911",
        "is_verified": false,
        "line_number": 1
      },
      {
        "type": "Base64 High Entropy String",
        "filename": "docs/SBOM/syft-scan.spdx.json",
        "hashed_secret": "792464ee6f97cc36f75de4891237ff626d35ca91",
        "is_verified": false,
        "line_number": 1
      },
      {
        "type": "Base64 High Entropy String",
        "filename": "docs/SBOM/syft-scan.spdx.json",
        "hashed_secret": "7927f6a0b3f628c40025959384037892b91ef3ae",
        "is_verified": false,
        "line_number": 1
      },
      {
        "type": "Hex High Entropy String",
        "filename": "docs/SBOM/syft-scan.spdx.json",
        "hashed_secret": "799c83e22af33ac2bd6f22fc70dea910eefd7d76",
        "is_verified": false,
        "line_number": 1
      },
      {
        "type": "Hex High Entropy String",
        "filename": "docs/SBOM/syft-scan.spdx.json",
        "hashed_secret": "7e2ce4958158bba05ca08f6fa3b2905b52fb91a0",
        "is_verified": false,
        "line_number": 1
      },
      {
        "type": "Base64 High Entropy String",
        "filename": "docs/SBOM/syft-scan.spdx.json",
        "hashed_secret": "8021a7e3ec925b424312c67970103bddad6c4ce6",
        "is_verified": false,
        "line_number": 1
      },
      {
        "type": "Base64 High Entropy String",
        "filename": "docs/SBOM/syft-scan.spdx.json",
        "hashed_secret": "81328717960911594085503434a4c23bfdde6482",
        "is_verified": false,
        "line_number": 1
      },
      {
        "type": "Hex High Entropy String",
        "filename": "docs/SBOM/syft-scan.spdx.json",
        "hashed_secret": "814381b6af5a31f3cae2eb251a66492b1c9c82bd",
        "is_verified": false,
        "line_number": 1
      },
      {
        "type": "Base64 High Entropy String",
        "filename": "docs/SBOM/syft-scan.spdx.json",
        "hashed_secret": "8197abf9e890edf826d5b21021cbc871e5e3e603",
        "is_verified": false,
        "line_number": 1
      },
      {
        "type": "Base64 High Entropy String",
        "filename": "docs/SBOM/syft-scan.spdx.json",
        "hashed_secret": "81e382d56af826a905b17b68d0586e596eac49dc",
        "is_verified": false,
        "line_number": 1
      },
      {
        "type": "Hex High Entropy String",
        "filename": "docs/SBOM/syft-scan.spdx.json",
        "hashed_secret": "81f22c25f93400c3270a2356c93968aef3891f6c",
        "is_verified": false,
        "line_number": 1
      },
      {
        "type": "Base64 High Entropy String",
        "filename": "docs/SBOM/syft-scan.spdx.json",
        "hashed_secret": "8214f27719aba719cf92b03927472599240b6288",
        "is_verified": false,
        "line_number": 1
      },
      {
        "type": "Base64 High Entropy String",
        "filename": "docs/SBOM/syft-scan.spdx.json",
        "hashed_secret": "82eedc0bff13fe9dd78b4c6d2f25f1cf72782fe6",
        "is_verified": false,
        "line_number": 1
      },
      {
        "type": "Hex High Entropy String",
        "filename": "docs/SBOM/syft-scan.spdx.json",
        "hashed_secret": "83b4c57586239b7d81d7948ed06f680d601ad384",
        "is_verified": false,
        "line_number": 1
      },
      {
        "type": "Hex High Entropy String",
        "filename": "docs/SBOM/syft-scan.spdx.json",
        "hashed_secret": "861c81a6946ab2da2a028f5453fc4f23b13cf01d",
        "is_verified": false,
        "line_number": 1
      },
      {
        "type": "Hex High Entropy String",
        "filename": "docs/SBOM/syft-scan.spdx.json",
        "hashed_secret": "8680ec94507c62610292cc164bd6ddc9e01715a2",
        "is_verified": false,
        "line_number": 1
      },
      {
        "type": "Hex High Entropy String",
        "filename": "docs/SBOM/syft-scan.spdx.json",
        "hashed_secret": "86814aed5a85790607edc42eaefbed60c31249a8",
        "is_verified": false,
        "line_number": 1
      },
      {
        "type": "Base64 High Entropy String",
        "filename": "docs/SBOM/syft-scan.spdx.json",
        "hashed_secret": "87645e747e09d565209e7cb8cd91b8e07a61f404",
        "is_verified": false,
        "line_number": 1
      },
      {
        "type": "Hex High Entropy String",
        "filename": "docs/SBOM/syft-scan.spdx.json",
        "hashed_secret": "88f66a0dc43e03339a00bc3f86ebdaa2da864e3c",
        "is_verified": false,
        "line_number": 1
      },
      {
        "type": "Base64 High Entropy String",
        "filename": "docs/SBOM/syft-scan.spdx.json",
        "hashed_secret": "89e86030e3bd5b9aeeb34376e06f039873759b37",
        "is_verified": false,
        "line_number": 1
      },
      {
        "type": "Hex High Entropy String",
        "filename": "docs/SBOM/syft-scan.spdx.json",
        "hashed_secret": "8b38a5f4160ca3698c8ab1c39155bd085803a1d5",
        "is_verified": false,
        "line_number": 1
      },
      {
        "type": "Hex High Entropy String",
        "filename": "docs/SBOM/syft-scan.spdx.json",
        "hashed_secret": "8bf093fb7ba3cb672a02ef669da4ce6a8690006b",
        "is_verified": false,
        "line_number": 1
      },
      {
        "type": "Hex High Entropy String",
        "filename": "docs/SBOM/syft-scan.spdx.json",
        "hashed_secret": "8bfeefc5985b114cbd1dcf9fbde80b37cab2be76",
        "is_verified": false,
        "line_number": 1
      },
      {
        "type": "Base64 High Entropy String",
        "filename": "docs/SBOM/syft-scan.spdx.json",
        "hashed_secret": "8c4226d267bad84273fc750a62c763e763518b51",
        "is_verified": false,
        "line_number": 1
      },
      {
        "type": "Base64 High Entropy String",
        "filename": "docs/SBOM/syft-scan.spdx.json",
        "hashed_secret": "8ce6b86948143c0957e8015bf200f59a576a183b",
        "is_verified": false,
        "line_number": 1
      },
      {
        "type": "Hex High Entropy String",
        "filename": "docs/SBOM/syft-scan.spdx.json",
        "hashed_secret": "8d53cd8bd01baccd5262e7ced70f9bcf6806d2b1",
        "is_verified": false,
        "line_number": 1
      },
      {
        "type": "Hex High Entropy String",
        "filename": "docs/SBOM/syft-scan.spdx.json",
        "hashed_secret": "8dfd12d8d3cc90fc1091cfb33606472d1b0a3438",
        "is_verified": false,
        "line_number": 1
      },
      {
        "type": "Hex High Entropy String",
        "filename": "docs/SBOM/syft-scan.spdx.json",
        "hashed_secret": "8e6cd9cd610627ec07d884bc1fc79876e09adcc7",
        "is_verified": false,
        "line_number": 1
      },
      {
        "type": "Hex High Entropy String",
        "filename": "docs/SBOM/syft-scan.spdx.json",
        "hashed_secret": "8f400b4e730a77a3a60fea9cf8eff8928cd72347",
        "is_verified": false,
        "line_number": 1
      },
      {
        "type": "Base64 High Entropy String",
        "filename": "docs/SBOM/syft-scan.spdx.json",
        "hashed_secret": "902bb3f78839e31ec1be1c4f165130454a382823",
        "is_verified": false,
        "line_number": 1
      },
      {
        "type": "Base64 High Entropy String",
        "filename": "docs/SBOM/syft-scan.spdx.json",
        "hashed_secret": "91f0689055eacd3dfbd688b05d5620bd159baf46",
        "is_verified": false,
        "line_number": 1
      },
      {
        "type": "Base64 High Entropy String",
        "filename": "docs/SBOM/syft-scan.spdx.json",
        "hashed_secret": "91fbcb815a7696296ed2dbeb35d4cb69a5d2c7cd",
        "is_verified": false,
        "line_number": 1
      },
      {
        "type": "Base64 High Entropy String",
        "filename": "docs/SBOM/syft-scan.spdx.json",
        "hashed_secret": "9364049eec788451065a70265182f204bbbcd27f",
        "is_verified": false,
        "line_number": 1
      },
      {
        "type": "Hex High Entropy String",
        "filename": "docs/SBOM/syft-scan.spdx.json",
        "hashed_secret": "937d85bd93901aefffac85614c91b3f740743dd2",
        "is_verified": false,
        "line_number": 1
      },
      {
        "type": "Hex High Entropy String",
        "filename": "docs/SBOM/syft-scan.spdx.json",
        "hashed_secret": "9433d098cd4947d457abca36f05c292da320f3b5",
        "is_verified": false,
        "line_number": 1
      },
      {
        "type": "Hex High Entropy String",
        "filename": "docs/SBOM/syft-scan.spdx.json",
        "hashed_secret": "96713582e3f299d2535de6b5eb2293b0917ca297",
        "is_verified": false,
        "line_number": 1
      },
      {
        "type": "Hex High Entropy String",
        "filename": "docs/SBOM/syft-scan.spdx.json",
        "hashed_secret": "96e82bc15a2d2021b631ca2ec70c9917e1ae6d39",
        "is_verified": false,
        "line_number": 1
      },
      {
        "type": "Base64 High Entropy String",
        "filename": "docs/SBOM/syft-scan.spdx.json",
        "hashed_secret": "9715574f516e9a67b17f869845ac3e49e86e8607",
        "is_verified": false,
        "line_number": 1
      },
      {
        "type": "Hex High Entropy String",
        "filename": "docs/SBOM/syft-scan.spdx.json",
        "hashed_secret": "97a6d0f9283f5220731f091d519d67b0dee15071",
        "is_verified": false,
        "line_number": 1
      },
      {
        "type": "Base64 High Entropy String",
        "filename": "docs/SBOM/syft-scan.spdx.json",
        "hashed_secret": "97b54b6481cd5867eb15ea6a6c73d3091b7e0d96",
        "is_verified": false,
        "line_number": 1
      },
      {
        "type": "Base64 High Entropy String",
        "filename": "docs/SBOM/syft-scan.spdx.json",
        "hashed_secret": "98b17a995c6bdca92cc3e67920982b1527f6cf41",
        "is_verified": false,
        "line_number": 1
      },
      {
        "type": "Base64 High Entropy String",
        "filename": "docs/SBOM/syft-scan.spdx.json",
        "hashed_secret": "98b7633d3a3442ec8deab59b63a249e591ebc56c",
        "is_verified": false,
        "line_number": 1
      },
      {
        "type": "Base64 High Entropy String",
        "filename": "docs/SBOM/syft-scan.spdx.json",
        "hashed_secret": "9bd7994e6aa6572e2f740dddb2c8ed82e73e5834",
        "is_verified": false,
        "line_number": 1
      },
      {
        "type": "Hex High Entropy String",
        "filename": "docs/SBOM/syft-scan.spdx.json",
        "hashed_secret": "9d237008a2a3a2d6ab999b67be791168b4612288",
        "is_verified": false,
        "line_number": 1
      },
      {
        "type": "Base64 High Entropy String",
        "filename": "docs/SBOM/syft-scan.spdx.json",
        "hashed_secret": "9d2712210aa851e1a8b71aaeb77491d1d060cb9a",
        "is_verified": false,
        "line_number": 1
      },
      {
        "type": "Base64 High Entropy String",
        "filename": "docs/SBOM/syft-scan.spdx.json",
        "hashed_secret": "9d5e7d75e8da52c44dcf3e2d67fa912403c3c944",
        "is_verified": false,
        "line_number": 1
      },
      {
        "type": "Hex High Entropy String",
        "filename": "docs/SBOM/syft-scan.spdx.json",
        "hashed_secret": "9d7ca3058330af03db851063e83713b71ef9c8e3",
        "is_verified": false,
        "line_number": 1
      },
      {
        "type": "Hex High Entropy String",
        "filename": "docs/SBOM/syft-scan.spdx.json",
        "hashed_secret": "9e6110cefee22cdb34b14c8616e5f540f05d54fd",
        "is_verified": false,
        "line_number": 1
      },
      {
        "type": "Hex High Entropy String",
        "filename": "docs/SBOM/syft-scan.spdx.json",
        "hashed_secret": "a0eb34812e0283302de27aafacef7eb898280b1e",
        "is_verified": false,
        "line_number": 1
      },
      {
        "type": "Base64 High Entropy String",
        "filename": "docs/SBOM/syft-scan.spdx.json",
        "hashed_secret": "a12ff4e54746d209e023cc2a0b5be9c3cb0b8f3e",
        "is_verified": false,
        "line_number": 1
      },
      {
        "type": "Hex High Entropy String",
        "filename": "docs/SBOM/syft-scan.spdx.json",
        "hashed_secret": "a215577603e5dff36fc51908bf70c3fb8d747577",
        "is_verified": false,
        "line_number": 1
      },
      {
        "type": "Hex High Entropy String",
        "filename": "docs/SBOM/syft-scan.spdx.json",
        "hashed_secret": "a26ac11b543578a55424673388f202a2db7ad50a",
        "is_verified": false,
        "line_number": 1
      },
      {
        "type": "Base64 High Entropy String",
        "filename": "docs/SBOM/syft-scan.spdx.json",
        "hashed_secret": "a2754c90593270316e42e6411e83d75eda0527ce",
        "is_verified": false,
        "line_number": 1
      },
      {
        "type": "Hex High Entropy String",
        "filename": "docs/SBOM/syft-scan.spdx.json",
        "hashed_secret": "a30a9ad101240e60ba7d54524843b89a2ef6c3af",
        "is_verified": false,
        "line_number": 1
      },
      {
        "type": "Hex High Entropy String",
        "filename": "docs/SBOM/syft-scan.spdx.json",
        "hashed_secret": "a36afac02b4ea7eea5d3e363d7a59b1667a5e59a",
        "is_verified": false,
        "line_number": 1
      },
      {
        "type": "Base64 High Entropy String",
        "filename": "docs/SBOM/syft-scan.spdx.json",
        "hashed_secret": "a3e532525ad7d9c0f24215848ca282ece24cd094",
        "is_verified": false,
        "line_number": 1
      },
      {
        "type": "Hex High Entropy String",
        "filename": "docs/SBOM/syft-scan.spdx.json",
        "hashed_secret": "a41c4c973ebacbd7099f63f2aa2fbcbb2033d81e",
        "is_verified": false,
        "line_number": 1
      },
      {
        "type": "Hex High Entropy String",
        "filename": "docs/SBOM/syft-scan.spdx.json",
        "hashed_secret": "a43870672cab3eb5070b50f122c041ebe8be0ec4",
        "is_verified": false,
        "line_number": 1
      },
      {
        "type": "Base64 High Entropy String",
        "filename": "docs/SBOM/syft-scan.spdx.json",
        "hashed_secret": "a43b04943455fdd367aed540bd7aaa7b427c8c23",
        "is_verified": false,
        "line_number": 1
      },
      {
        "type": "Hex High Entropy String",
        "filename": "docs/SBOM/syft-scan.spdx.json",
        "hashed_secret": "a65bdcffec4bec8dfb626f041e925cd20f8cb949",
        "is_verified": false,
        "line_number": 1
      },
      {
        "type": "Hex High Entropy String",
        "filename": "docs/SBOM/syft-scan.spdx.json",
        "hashed_secret": "a6c12264a12d382e585f4a76ee36656b0817dc9c",
        "is_verified": false,
        "line_number": 1
      },
      {
        "type": "Base64 High Entropy String",
        "filename": "docs/SBOM/syft-scan.spdx.json",
        "hashed_secret": "a7218b2beccaa43d5161539cb13854ee5fea4f6a",
        "is_verified": false,
        "line_number": 1
      },
      {
        "type": "Base64 High Entropy String",
        "filename": "docs/SBOM/syft-scan.spdx.json",
        "hashed_secret": "a759dd207590d6409280f49717757c3aeca499a4",
        "is_verified": false,
        "line_number": 1
      },
      {
        "type": "Hex High Entropy String",
        "filename": "docs/SBOM/syft-scan.spdx.json",
        "hashed_secret": "a873de2033861f375dd54623eb8085df6d829334",
        "is_verified": false,
        "line_number": 1
      },
      {
        "type": "Hex High Entropy String",
        "filename": "docs/SBOM/syft-scan.spdx.json",
        "hashed_secret": "aa0094dabb9133d7e6b1fafb18344656394d3d06",
        "is_verified": false,
        "line_number": 1
      },
      {
        "type": "Hex High Entropy String",
        "filename": "docs/SBOM/syft-scan.spdx.json",
        "hashed_secret": "ab093ddab27c6af269c98b6ede77436236e33f7f",
        "is_verified": false,
        "line_number": 1
      },
      {
        "type": "Hex High Entropy String",
        "filename": "docs/SBOM/syft-scan.spdx.json",
        "hashed_secret": "abf09a858e943d90a926c3762836c9c83dcb1211",
        "is_verified": false,
        "line_number": 1
      },
      {
        "type": "Hex High Entropy String",
        "filename": "docs/SBOM/syft-scan.spdx.json",
        "hashed_secret": "ad327eaca021d20cb648544c76fca6d2404b306b",
        "is_verified": false,
        "line_number": 1
      },
      {
        "type": "Base64 High Entropy String",
        "filename": "docs/SBOM/syft-scan.spdx.json",
        "hashed_secret": "ad3e89504d982bb1be89f1520cf644f379e9dbc3",
        "is_verified": false,
        "line_number": 1
      },
      {
        "type": "Hex High Entropy String",
        "filename": "docs/SBOM/syft-scan.spdx.json",
        "hashed_secret": "add64af9ed18cce757642a8adb3d021c57084760",
        "is_verified": false,
        "line_number": 1
      },
      {
        "type": "Base64 High Entropy String",
        "filename": "docs/SBOM/syft-scan.spdx.json",
        "hashed_secret": "af5afed39dec53e15d6113bfad98fdfc831d0f0f",
        "is_verified": false,
        "line_number": 1
      },
      {
        "type": "Hex High Entropy String",
        "filename": "docs/SBOM/syft-scan.spdx.json",
        "hashed_secret": "aff9c26b3c8f4703562c7bdab4b9261385daf04c",
        "is_verified": false,
        "line_number": 1
      },
      {
        "type": "Base64 High Entropy String",
        "filename": "docs/SBOM/syft-scan.spdx.json",
        "hashed_secret": "b0c7d8436582b8c54bb3b0037475fc1ba2aeef30",
        "is_verified": false,
        "line_number": 1
      },
      {
        "type": "Base64 High Entropy String",
        "filename": "docs/SBOM/syft-scan.spdx.json",
        "hashed_secret": "b1913fd400a99d4574d973119a106be84a16188d",
        "is_verified": false,
        "line_number": 1
      },
      {
        "type": "Hex High Entropy String",
        "filename": "docs/SBOM/syft-scan.spdx.json",
        "hashed_secret": "b1b6f61944195375daa53e2ee96a107752b78829",
        "is_verified": false,
        "line_number": 1
      },
      {
        "type": "Hex High Entropy String",
        "filename": "docs/SBOM/syft-scan.spdx.json",
        "hashed_secret": "b243c21e811c72e99696801fa1311146cc4ca2c5",
        "is_verified": false,
        "line_number": 1
      },
      {
        "type": "Base64 High Entropy String",
        "filename": "docs/SBOM/syft-scan.spdx.json",
        "hashed_secret": "b349fa0e824416a481d8ef0bbde04b0631b26df4",
        "is_verified": false,
        "line_number": 1
      },
      {
        "type": "Base64 High Entropy String",
        "filename": "docs/SBOM/syft-scan.spdx.json",
        "hashed_secret": "b418cce856742891b1a2324ef126ee67807cf119",
        "is_verified": false,
        "line_number": 1
      },
      {
        "type": "Base64 High Entropy String",
        "filename": "docs/SBOM/syft-scan.spdx.json",
        "hashed_secret": "b47799fe4a57ba91e206135580ff3cdbb95d2dd6",
        "is_verified": false,
        "line_number": 1
      },
      {
        "type": "Base64 High Entropy String",
        "filename": "docs/SBOM/syft-scan.spdx.json",
        "hashed_secret": "b4d35e7871fd11ec6a8bd911b34ec7fd3b54aef7",
        "is_verified": false,
        "line_number": 1
      },
      {
        "type": "Base64 High Entropy String",
        "filename": "docs/SBOM/syft-scan.spdx.json",
        "hashed_secret": "b54ff1b18e3c9b6876e48947ec0ec366ce48678a",
        "is_verified": false,
        "line_number": 1
      },
      {
        "type": "Hex High Entropy String",
        "filename": "docs/SBOM/syft-scan.spdx.json",
        "hashed_secret": "b59db7c7d9a8a24ddbc493a9f196a3c9204104dc",
        "is_verified": false,
        "line_number": 1
      },
      {
        "type": "Hex High Entropy String",
        "filename": "docs/SBOM/syft-scan.spdx.json",
        "hashed_secret": "b6ca5c48cd07fdf01219e865a5a5fc62191c89b8",
        "is_verified": false,
        "line_number": 1
      },
      {
        "type": "Hex High Entropy String",
        "filename": "docs/SBOM/syft-scan.spdx.json",
        "hashed_secret": "b769713fa9ae896b873e40fabb617d2840163433",
        "is_verified": false,
        "line_number": 1
      },
      {
        "type": "Hex High Entropy String",
        "filename": "docs/SBOM/syft-scan.spdx.json",
        "hashed_secret": "b7b986211a3030b60973b93ee0f6f11b369794e6",
        "is_verified": false,
        "line_number": 1
      },
      {
        "type": "Hex High Entropy String",
        "filename": "docs/SBOM/syft-scan.spdx.json",
        "hashed_secret": "b7d877194e9651911ae1fefff5866be70f5217c3",
        "is_verified": false,
        "line_number": 1
      },
      {
        "type": "Base64 High Entropy String",
        "filename": "docs/SBOM/syft-scan.spdx.json",
        "hashed_secret": "b8725a9a554a2d38ff4681d6079bcc96fa6299f4",
        "is_verified": false,
        "line_number": 1
      },
      {
        "type": "Hex High Entropy String",
        "filename": "docs/SBOM/syft-scan.spdx.json",
        "hashed_secret": "b8fb9dff621264329fbb97c8732dcff5980bcf65",
        "is_verified": false,
        "line_number": 1
      },
      {
        "type": "Hex High Entropy String",
        "filename": "docs/SBOM/syft-scan.spdx.json",
        "hashed_secret": "b9d54a25449f66bace9638a11054b0feb7629f2f",
        "is_verified": false,
        "line_number": 1
      },
      {
        "type": "Hex High Entropy String",
        "filename": "docs/SBOM/syft-scan.spdx.json",
        "hashed_secret": "ba7b264c68ea271f33a9545f3587336b019df8f4",
        "is_verified": false,
        "line_number": 1
      },
      {
        "type": "Hex High Entropy String",
        "filename": "docs/SBOM/syft-scan.spdx.json",
        "hashed_secret": "bc6569aea87234fba01b5be8072c6f98af80e6bc",
        "is_verified": false,
        "line_number": 1
      },
      {
        "type": "Hex High Entropy String",
        "filename": "docs/SBOM/syft-scan.spdx.json",
        "hashed_secret": "bc7044509dee5f9fde809e6aa22310aef8329ea1",
        "is_verified": false,
        "line_number": 1
      },
      {
        "type": "Base64 High Entropy String",
        "filename": "docs/SBOM/syft-scan.spdx.json",
        "hashed_secret": "beca56a302f09cf14f274fab9e39e65fcf61ae35",
        "is_verified": false,
        "line_number": 1
      },
      {
        "type": "Hex High Entropy String",
        "filename": "docs/SBOM/syft-scan.spdx.json",
        "hashed_secret": "bed950f4d134313cd5d1ab2cd5f633c5d67da876",
        "is_verified": false,
        "line_number": 1
      },
      {
        "type": "Base64 High Entropy String",
        "filename": "docs/SBOM/syft-scan.spdx.json",
        "hashed_secret": "c0505372be56d440f1081e7d4cad1a523c888178",
        "is_verified": false,
        "line_number": 1
      },
      {
        "type": "Hex High Entropy String",
        "filename": "docs/SBOM/syft-scan.spdx.json",
        "hashed_secret": "c05b74a1d8eba71853b5e44e3fdfe365581ec9d1",
        "is_verified": false,
        "line_number": 1
      },
      {
        "type": "Base64 High Entropy String",
        "filename": "docs/SBOM/syft-scan.spdx.json",
        "hashed_secret": "c0ef5fb41efe3aea107d1dd215e1da042633aa73",
        "is_verified": false,
        "line_number": 1
      },
      {
        "type": "Base64 High Entropy String",
        "filename": "docs/SBOM/syft-scan.spdx.json",
        "hashed_secret": "c21986cc66280a356f14f34f3ad86c9ebaaf876e",
        "is_verified": false,
        "line_number": 1
      },
      {
        "type": "Base64 High Entropy String",
        "filename": "docs/SBOM/syft-scan.spdx.json",
        "hashed_secret": "c21d5b76bc766e46ae354a4a5f951961d89d3d82",
        "is_verified": false,
        "line_number": 1
      },
      {
        "type": "Base64 High Entropy String",
        "filename": "docs/SBOM/syft-scan.spdx.json",
        "hashed_secret": "c3fe66f1a6a9ab4bd8891e0f96ef1c76b2152b78",
        "is_verified": false,
        "line_number": 1
      },
      {
        "type": "Base64 High Entropy String",
        "filename": "docs/SBOM/syft-scan.spdx.json",
        "hashed_secret": "c48bc15ea060e2f90d385666e7d72763d413a0b2",
        "is_verified": false,
        "line_number": 1
      },
      {
        "type": "Hex High Entropy String",
        "filename": "docs/SBOM/syft-scan.spdx.json",
        "hashed_secret": "c52006651296ddbe5ad464ba01ecee817c190e3f",
        "is_verified": false,
        "line_number": 1
      },
      {
        "type": "Hex High Entropy String",
        "filename": "docs/SBOM/syft-scan.spdx.json",
        "hashed_secret": "c6285c36f3cb4dcc909a77749b98922334027d74",
        "is_verified": false,
        "line_number": 1
      },
      {
        "type": "Hex High Entropy String",
        "filename": "docs/SBOM/syft-scan.spdx.json",
        "hashed_secret": "c6697f9bad27d40035508ea9f65e41832f3cfc0d",
        "is_verified": false,
        "line_number": 1
      },
      {
        "type": "Base64 High Entropy String",
        "filename": "docs/SBOM/syft-scan.spdx.json",
        "hashed_secret": "c6f32ceb160eb6229c44d63557703d9a25e11dff",
        "is_verified": false,
        "line_number": 1
      },
      {
        "type": "Base64 High Entropy String",
        "filename": "docs/SBOM/syft-scan.spdx.json",
        "hashed_secret": "c7b0b9d6bdf365b8388b783a5dd0017b2f232af1",
        "is_verified": false,
        "line_number": 1
      },
      {
        "type": "Hex High Entropy String",
        "filename": "docs/SBOM/syft-scan.spdx.json",
        "hashed_secret": "c7be0812a64263dd949fdb35f5a2e9edc932463b",
        "is_verified": false,
        "line_number": 1
      },
      {
        "type": "Hex High Entropy String",
        "filename": "docs/SBOM/syft-scan.spdx.json",
        "hashed_secret": "c87f18a2294ef140e1178a79d07a8caa40cc7881",
        "is_verified": false,
        "line_number": 1
      },
      {
        "type": "Base64 High Entropy String",
        "filename": "docs/SBOM/syft-scan.spdx.json",
        "hashed_secret": "c93427b9cbbc3812d48e0d53233025eed7b697fd",
        "is_verified": false,
        "line_number": 1
      },
      {
        "type": "Base64 High Entropy String",
        "filename": "docs/SBOM/syft-scan.spdx.json",
        "hashed_secret": "c9382148ed10a7050b99d2f9951b26832f52e962",
        "is_verified": false,
        "line_number": 1
      },
      {
        "type": "Base64 High Entropy String",
        "filename": "docs/SBOM/syft-scan.spdx.json",
        "hashed_secret": "c9a20c55337338c9af0a1771597e5c8dba333bde",
        "is_verified": false,
        "line_number": 1
      },
      {
        "type": "Base64 High Entropy String",
        "filename": "docs/SBOM/syft-scan.spdx.json",
        "hashed_secret": "ca5a16d886969e356a48ce01240b6947374acde7",
        "is_verified": false,
        "line_number": 1
      },
      {
        "type": "Hex High Entropy String",
        "filename": "docs/SBOM/syft-scan.spdx.json",
        "hashed_secret": "caaf3bfc9bdbeb3733fe224183a58902c5310e10",
        "is_verified": false,
        "line_number": 1
      },
      {
        "type": "Hex High Entropy String",
        "filename": "docs/SBOM/syft-scan.spdx.json",
        "hashed_secret": "cbc4a0984333a2861de7960a88a402f4ebc9ffb6",
        "is_verified": false,
        "line_number": 1
      },
      {
        "type": "Base64 High Entropy String",
        "filename": "docs/SBOM/syft-scan.spdx.json",
        "hashed_secret": "cc7c4cb7b412a0cfe2a587e4a85bb3c51b19cdc2",
        "is_verified": false,
        "line_number": 1
      },
      {
        "type": "Hex High Entropy String",
        "filename": "docs/SBOM/syft-scan.spdx.json",
        "hashed_secret": "cc8b1ca68aef0640dd8f2f74dd26a6b149e6bda0",
        "is_verified": false,
        "line_number": 1
      },
      {
        "type": "Hex High Entropy String",
        "filename": "docs/SBOM/syft-scan.spdx.json",
        "hashed_secret": "cd0846ffc03c7265e13b6712a006e9f9f9928795",
        "is_verified": false,
        "line_number": 1
      },
      {
        "type": "Hex High Entropy String",
        "filename": "docs/SBOM/syft-scan.spdx.json",
        "hashed_secret": "cf6fd970c7195f9640fd5c5e2e7234ea47fd5a49",
        "is_verified": false,
        "line_number": 1
      },
      {
        "type": "Base64 High Entropy String",
        "filename": "docs/SBOM/syft-scan.spdx.json",
        "hashed_secret": "cfa39a5fc6c63a643d2267655b04ec4be0d48e42",
        "is_verified": false,
        "line_number": 1
      },
      {
        "type": "Base64 High Entropy String",
        "filename": "docs/SBOM/syft-scan.spdx.json",
        "hashed_secret": "d0087f23ecb8c0f8f7587c9fbcdbfd86e3647825",
        "is_verified": false,
        "line_number": 1
      },
      {
        "type": "Base64 High Entropy String",
        "filename": "docs/SBOM/syft-scan.spdx.json",
        "hashed_secret": "d03c8c687382e1ad7d9fb2f06edc038dd95f1eeb",
        "is_verified": false,
        "line_number": 1
      },
      {
        "type": "Base64 High Entropy String",
        "filename": "docs/SBOM/syft-scan.spdx.json",
        "hashed_secret": "d26ef91e4506a47f69e6118675adb863de081221",
        "is_verified": false,
        "line_number": 1
      },
      {
        "type": "Hex High Entropy String",
        "filename": "docs/SBOM/syft-scan.spdx.json",
        "hashed_secret": "d3d2f127621d85c34acde27cec74b49f1bc7f35e",
        "is_verified": false,
        "line_number": 1
      },
      {
        "type": "Hex High Entropy String",
        "filename": "docs/SBOM/syft-scan.spdx.json",
        "hashed_secret": "d7beef878c07978f21cf59a6ff5929296417023f",
        "is_verified": false,
        "line_number": 1
      },
      {
        "type": "Hex High Entropy String",
        "filename": "docs/SBOM/syft-scan.spdx.json",
        "hashed_secret": "d90a4956cdc5d1b056f99c612a9c80fbf2b953f3",
        "is_verified": false,
        "line_number": 1
      },
      {
        "type": "Base64 High Entropy String",
        "filename": "docs/SBOM/syft-scan.spdx.json",
        "hashed_secret": "da02fefd6e0e05805698d3026119223386b06df7",
        "is_verified": false,
        "line_number": 1
      },
      {
        "type": "Hex High Entropy String",
        "filename": "docs/SBOM/syft-scan.spdx.json",
        "hashed_secret": "dac5b4daf0a54e8904ae9bb6db72a60805915494",
        "is_verified": false,
        "line_number": 1
      },
      {
        "type": "Base64 High Entropy String",
        "filename": "docs/SBOM/syft-scan.spdx.json",
        "hashed_secret": "daeaa18f770fbfa601ee5694caefff72578d0e7b",
        "is_verified": false,
        "line_number": 1
      },
      {
        "type": "Base64 High Entropy String",
        "filename": "docs/SBOM/syft-scan.spdx.json",
        "hashed_secret": "dbc4a41e9e2f873a020bc60b1e80b1437e208380",
        "is_verified": false,
        "line_number": 1
      },
      {
        "type": "Hex High Entropy String",
        "filename": "docs/SBOM/syft-scan.spdx.json",
        "hashed_secret": "dc2c8dd15075ff6aff7124363aec04cacd0f5ea6",
        "is_verified": false,
        "line_number": 1
      },
      {
        "type": "Base64 High Entropy String",
        "filename": "docs/SBOM/syft-scan.spdx.json",
        "hashed_secret": "dc6de7ad18a9a554fa0b568e6e496b7e3be1f08e",
        "is_verified": false,
        "line_number": 1
      },
      {
        "type": "Hex High Entropy String",
        "filename": "docs/SBOM/syft-scan.spdx.json",
        "hashed_secret": "ddb7b2b878a94a4bb1f60738fa42f93f9707a41f",
        "is_verified": false,
        "line_number": 1
      },
      {
        "type": "Base64 High Entropy String",
        "filename": "docs/SBOM/syft-scan.spdx.json",
        "hashed_secret": "ddef5768be24b3ed0b94ded226423cf33f359d6d",
        "is_verified": false,
        "line_number": 1
      },
      {
        "type": "Hex High Entropy String",
        "filename": "docs/SBOM/syft-scan.spdx.json",
        "hashed_secret": "de01042637107efb064644d8c18f8ff4a7e7b0b7",
        "is_verified": false,
        "line_number": 1
      },
      {
        "type": "Hex High Entropy String",
        "filename": "docs/SBOM/syft-scan.spdx.json",
        "hashed_secret": "dec1aa2c9b7310d8809cfca3500ea1e6a522ccf2",
        "is_verified": false,
        "line_number": 1
      },
      {
        "type": "Base64 High Entropy String",
        "filename": "docs/SBOM/syft-scan.spdx.json",
        "hashed_secret": "df74d4fca0346d8d6d125947d86ac494c9c676ee",
        "is_verified": false,
        "line_number": 1
      },
      {
        "type": "Base64 High Entropy String",
        "filename": "docs/SBOM/syft-scan.spdx.json",
        "hashed_secret": "e2e45e50cda26c223f830be2b6ec7f9d55a24988",
        "is_verified": false,
        "line_number": 1
      },
      {
        "type": "Hex High Entropy String",
        "filename": "docs/SBOM/syft-scan.spdx.json",
        "hashed_secret": "e32edf96787ca26022ad4c2852c73e4191ccdc8e",
        "is_verified": false,
        "line_number": 1
      },
      {
        "type": "Base64 High Entropy String",
        "filename": "docs/SBOM/syft-scan.spdx.json",
        "hashed_secret": "e39427d0ea039ca1de218f5687f59bf63aed96d9",
        "is_verified": false,
        "line_number": 1
      },
      {
        "type": "Base64 High Entropy String",
        "filename": "docs/SBOM/syft-scan.spdx.json",
        "hashed_secret": "e3a79d3fce33172bfa2e2a207251b8b7867f1af7",
        "is_verified": false,
        "line_number": 1
      },
      {
        "type": "Base64 High Entropy String",
        "filename": "docs/SBOM/syft-scan.spdx.json",
        "hashed_secret": "e4014a976b2cec31dd24d41e07c1143b95b46268",
        "is_verified": false,
        "line_number": 1
      },
      {
        "type": "Hex High Entropy String",
        "filename": "docs/SBOM/syft-scan.spdx.json",
        "hashed_secret": "e4f27f80ab91d8883c9b29f398ba317affd56f3d",
        "is_verified": false,
        "line_number": 1
      },
      {
        "type": "Hex High Entropy String",
        "filename": "docs/SBOM/syft-scan.spdx.json",
        "hashed_secret": "e5bf78099520fdba3ad8ba01d18da85544a91f17",
        "is_verified": false,
        "line_number": 1
      },
      {
        "type": "Hex High Entropy String",
        "filename": "docs/SBOM/syft-scan.spdx.json",
        "hashed_secret": "e675858759bcf04fa64420d0f883941bb0e84cd2",
        "is_verified": false,
        "line_number": 1
      },
      {
        "type": "Base64 High Entropy String",
        "filename": "docs/SBOM/syft-scan.spdx.json",
        "hashed_secret": "e754053db91b2b11f694011156d4a39aed79b4fa",
        "is_verified": false,
        "line_number": 1
      },
      {
        "type": "Base64 High Entropy String",
        "filename": "docs/SBOM/syft-scan.spdx.json",
        "hashed_secret": "e814628e5a204948763c448b4dfa3c3495ac3a57",
        "is_verified": false,
        "line_number": 1
      },
      {
        "type": "Hex High Entropy String",
        "filename": "docs/SBOM/syft-scan.spdx.json",
        "hashed_secret": "e99f47bfabfd586ff5e8d299701934f2f334524b",
        "is_verified": false,
        "line_number": 1
      },
      {
        "type": "Base64 High Entropy String",
        "filename": "docs/SBOM/syft-scan.spdx.json",
        "hashed_secret": "ea1421a607544621a7f7ae4f92835231b068ff10",
        "is_verified": false,
        "line_number": 1
      },
      {
        "type": "Hex High Entropy String",
        "filename": "docs/SBOM/syft-scan.spdx.json",
        "hashed_secret": "eaffcfb96d9f51a8e6c2c6053038a1120e8a202e",
        "is_verified": false,
        "line_number": 1
      },
      {
        "type": "Hex High Entropy String",
        "filename": "docs/SBOM/syft-scan.spdx.json",
        "hashed_secret": "ed52f8ff187d9e282d8aa0a5d5a2cf74e91fc88b",
        "is_verified": false,
        "line_number": 1
      },
      {
        "type": "Hex High Entropy String",
        "filename": "docs/SBOM/syft-scan.spdx.json",
        "hashed_secret": "ed959a957674b4ed81430c4c02468c18185e7c9d",
        "is_verified": false,
        "line_number": 1
      },
      {
        "type": "Hex High Entropy String",
        "filename": "docs/SBOM/syft-scan.spdx.json",
        "hashed_secret": "ed9bf165814f770f58f769597ef35fb01de3404b",
        "is_verified": false,
        "line_number": 1
      },
      {
        "type": "Hex High Entropy String",
        "filename": "docs/SBOM/syft-scan.spdx.json",
        "hashed_secret": "ee70d29c0a2a16f34503e2c2af9aafed4b4b7097",
        "is_verified": false,
        "line_number": 1
      },
      {
        "type": "Hex High Entropy String",
        "filename": "docs/SBOM/syft-scan.spdx.json",
        "hashed_secret": "eed0d2be433e419a55b5dd6451a4a999a19a33b1",
        "is_verified": false,
        "line_number": 1
      },
      {
        "type": "Hex High Entropy String",
        "filename": "docs/SBOM/syft-scan.spdx.json",
        "hashed_secret": "efaa525c2abfd82db55d75fb598c318c724cdc15",
        "is_verified": false,
        "line_number": 1
      },
      {
        "type": "Hex High Entropy String",
        "filename": "docs/SBOM/syft-scan.spdx.json",
        "hashed_secret": "efd5917a58a6af890267bfbe77d405feefb034d5",
        "is_verified": false,
        "line_number": 1
      },
      {
        "type": "Hex High Entropy String",
        "filename": "docs/SBOM/syft-scan.spdx.json",
        "hashed_secret": "f019d3fd44c3683fe32f9fab3e3c69ccb95094b0",
        "is_verified": false,
        "line_number": 1
      },
      {
        "type": "Base64 High Entropy String",
        "filename": "docs/SBOM/syft-scan.spdx.json",
        "hashed_secret": "f1b7bca9cf8afcca8a84265277867a6cc8c81e44",
        "is_verified": false,
        "line_number": 1
      },
      {
        "type": "Hex High Entropy String",
        "filename": "docs/SBOM/syft-scan.spdx.json",
        "hashed_secret": "f27bf6f3c2f57fc020387ce74a6d6f9ba66450ab",
        "is_verified": false,
        "line_number": 1
      },
      {
        "type": "Hex High Entropy String",
        "filename": "docs/SBOM/syft-scan.spdx.json",
        "hashed_secret": "f28d86e0569dcc6f6ec48875850fbb89e14713f6",
        "is_verified": false,
        "line_number": 1
      },
      {
        "type": "Hex High Entropy String",
        "filename": "docs/SBOM/syft-scan.spdx.json",
        "hashed_secret": "f3fc139515319cec0d1e30310d18296e8245f766",
        "is_verified": false,
        "line_number": 1
      },
      {
        "type": "Hex High Entropy String",
        "filename": "docs/SBOM/syft-scan.spdx.json",
        "hashed_secret": "f4741b44e597d2a7c3870c83965de636666c3641",
        "is_verified": false,
        "line_number": 1
      },
      {
        "type": "Hex High Entropy String",
        "filename": "docs/SBOM/syft-scan.spdx.json",
        "hashed_secret": "f485e49c4f6a900b19d238497d525083ce4f6c0b",
        "is_verified": false,
        "line_number": 1
      },
      {
        "type": "Base64 High Entropy String",
        "filename": "docs/SBOM/syft-scan.spdx.json",
        "hashed_secret": "f4e18eda21b794e0d173fec006e3f542a6a3c37c",
        "is_verified": false,
        "line_number": 1
      },
      {
        "type": "Hex High Entropy String",
        "filename": "docs/SBOM/syft-scan.spdx.json",
        "hashed_secret": "f515c3f48aa380a84389fdafeccef9817fb0474e",
        "is_verified": false,
        "line_number": 1
      },
      {
        "type": "Hex High Entropy String",
        "filename": "docs/SBOM/syft-scan.spdx.json",
        "hashed_secret": "f52b4a71bbf357eff7451c5279c730fcbb65bd13",
        "is_verified": false,
        "line_number": 1
      },
      {
        "type": "Hex High Entropy String",
        "filename": "docs/SBOM/syft-scan.spdx.json",
        "hashed_secret": "f57c7630f1bfb70086c3438984a49b9af02ada8e",
        "is_verified": false,
        "line_number": 1
      },
      {
        "type": "Hex High Entropy String",
        "filename": "docs/SBOM/syft-scan.spdx.json",
        "hashed_secret": "f5ceff2a32fc58142c1b2e090381d1790e08e383",
        "is_verified": false,
        "line_number": 1
      },
      {
        "type": "Hex High Entropy String",
        "filename": "docs/SBOM/syft-scan.spdx.json",
        "hashed_secret": "f6d99f82c7b8be9e787a114b4116ba1a9e121f9d",
        "is_verified": false,
        "line_number": 1
      },
      {
        "type": "Hex High Entropy String",
        "filename": "docs/SBOM/syft-scan.spdx.json",
        "hashed_secret": "f74bf8cf44bb1e4c9064447b641bcf1f826f300c",
        "is_verified": false,
        "line_number": 1
      },
      {
        "type": "Hex High Entropy String",
        "filename": "docs/SBOM/syft-scan.spdx.json",
        "hashed_secret": "f85623e83f78e6dab17ce24d30ca16bc01c919f7",
        "is_verified": false,
        "line_number": 1
      },
      {
        "type": "Base64 High Entropy String",
        "filename": "docs/SBOM/syft-scan.spdx.json",
        "hashed_secret": "f8e530e74f4840f9e7f2a2a0903ae4f34c954753",
        "is_verified": false,
        "line_number": 1
      },
      {
        "type": "Hex High Entropy String",
        "filename": "docs/SBOM/syft-scan.spdx.json",
        "hashed_secret": "fa12bb1195f9a05dacde0a70ffef1ee625bb278c",
        "is_verified": false,
        "line_number": 1
      },
      {
        "type": "Hex High Entropy String",
        "filename": "docs/SBOM/syft-scan.spdx.json",
        "hashed_secret": "fb875ceeffe08d1ee2e0b9254a9bcb7aa3557e8f",
        "is_verified": false,
        "line_number": 1
      },
      {
        "type": "Hex High Entropy String",
        "filename": "docs/SBOM/syft-scan.spdx.json",
        "hashed_secret": "fbdebc2b287a880136020f1a3a11956293238d71",
        "is_verified": false,
        "line_number": 1
      },
      {
        "type": "Hex High Entropy String",
        "filename": "docs/SBOM/syft-scan.spdx.json",
        "hashed_secret": "fc3d835ad205b05cbfec6558a53013ecbfb3d4d1",
        "is_verified": false,
        "line_number": 1
      },
      {
        "type": "Hex High Entropy String",
        "filename": "docs/SBOM/syft-scan.spdx.json",
        "hashed_secret": "fcf6fa6c6cb84f9cdf8dd881a04b523745810c38",
        "is_verified": false,
        "line_number": 1
      },
      {
        "type": "Base64 High Entropy String",
        "filename": "docs/SBOM/syft-scan.spdx.json",
        "hashed_secret": "fd5331521251ca168bb2e1d30dbc8e8037e15875",
        "is_verified": false,
        "line_number": 1
      },
      {
        "type": "Hex High Entropy String",
        "filename": "docs/SBOM/syft-scan.spdx.json",
        "hashed_secret": "ff15bac2a15364afa4c1730291aa2816f475e14e",
        "is_verified": false,
        "line_number": 1
      }
    ]
  },
  "generated_at": "2026-08-03T01:29:28Z"
}
