{
  "version": "1.5.0",
  "plugins_used": [
    {
      "name": "ArtifactoryDetector"
    },
    {
      "name": "AWSKeyDetector"
    },
    {
      "name": "AzureStorageKeyDetector"
    },
    {
      "name": "Base64HighEntropyString",
      "limit": 4.5
    },
    {
      "name": "BasicAuthDetector"
    },
    {
      "name": "CloudantDetector"
    },
    {
      "name": "DiscordBotTokenDetector"
    },
    {
      "name": "GitHubTokenDetector"
    },
    {
      "name": "GitLabTokenDetector"
    },
    {
      "name": "HexHighEntropyString",
      "limit": 3.0
    },
    {
      "name": "IbmCloudIamDetector"
    },
    {
      "name": "IbmCosHmacDetector"
    },
    {
      "name": "IPPublicDetector"
    },
    {
      "name": "JwtTokenDetector"
    },
    {
      "name": "KeywordDetector",
      "keyword_exclude": ""
    },
    {
      "name": "MailchimpDetector"
    },
    {
      "name": "NpmDetector"
    },
    {
      "name": "OpenAIDetector"
    },
    {
      "name": "PrivateKeyDetector"
    },
    {
      "name": "PypiTokenDetector"
    },
    {
      "name": "SendGridDetector"
    },
    {
      "name": "SlackDetector"
    },
    {
      "name": "SoftlayerDetector"
    },
    {
      "name": "SquareOAuthDetector"
    },
    {
      "name": "StripeDetector"
    },
    {
      "name": "TelegramBotTokenDetector"
    },
    {
      "name": "TwilioKeyDetector"
    }
  ],
  "filters_used": [
    {
      "path": "detect_secrets.filters.allowlist.is_line_allowlisted"
    },
    {
      "path": "detect_secrets.filters.common.is_baseline_file",
      "filename": "/home/antonio/repos/biolab-runners/.secrets.baseline"
    },
    {
      "path": "detect_secrets.filters.common.is_ignored_due_to_verification_policies",
      "min_level": 2
    },
    {
      "path": "detect_secrets.filters.heuristic.is_indirect_reference"
    },
    {
      "path": "detect_secrets.filters.heuristic.is_likely_id_string"
    },
    {
      "path": "detect_secrets.filters.heuristic.is_lock_file"
    },
    {
      "path": "detect_secrets.filters.heuristic.is_not_alphanumeric_string"
    },
    {
      "path": "detect_secrets.filters.heuristic.is_potential_uuid"
    },
    {
      "path": "detect_secrets.filters.heuristic.is_prefixed_with_dollar_sign"
    },
    {
      "path": "detect_secrets.filters.heuristic.is_sequential_string"
    },
    {
      "path": "detect_secrets.filters.heuristic.is_swagger_file"
    },
    {
      "path": "detect_secrets.filters.heuristic.is_templated_secret"
    },
    {
      "path": "detect_secrets.filters.regex.should_exclude_file",
      "pattern": [
        ".secrets.baseline",
        "scripts/bootstrap/test_hooks.py"
      ]
    }
  ],
  "results": {
    "docs/SBOM/syft-scan.spdx.json": [
      {
        "type": "Hex High Entropy String",
        "filename": "docs/SBOM/syft-scan.spdx.json",
        "hashed_secret": "00a5150c2db9a82bc43b0400c49d81440e1fc0e4",
        "is_verified": false,
        "line_number": 1
      },
      {
        "type": "Base64 High Entropy String",
        "filename": "docs/SBOM/syft-scan.spdx.json",
        "hashed_secret": "00b2915e5d7a99a6edc61dc9661070c53ee97a11",
        "is_verified": false,
        "line_number": 1
      },
      {
        "type": "Hex High Entropy String",
        "filename": "docs/SBOM/syft-scan.spdx.json",
        "hashed_secret": "01947e83499e3a0fdd96e9aa9f5bae0d157795e1",
        "is_verified": false,
        "line_number": 1
      },
      {
        "type": "Hex High Entropy String",
        "filename": "docs/SBOM/syft-scan.spdx.json",
        "hashed_secret": "031b65016151b92a6d9c98c28fa7fb68aeccbc6a",
        "is_verified": false,
        "line_number": 1
      },
      {
        "type": "Base64 High Entropy String",
        "filename": "docs/SBOM/syft-scan.spdx.json",
        "hashed_secret": "05926d0236a0fd3a338030c3cefab6c7245bf8ce",
        "is_verified": false,
        "line_number": 1
      },
      {
        "type": "Hex High Entropy String",
        "filename": "docs/SBOM/syft-scan.spdx.json",
        "hashed_secret": "059462cf78aa8f33f95ff985a1ed9d44e1411a61",
        "is_verified": false,
        "line_number": 1
      },
      {
        "type": "Hex High Entropy String",
        "filename": "docs/SBOM/syft-scan.spdx.json",
        "hashed_secret": "06e4ed710b081a9ab4b3b85910b6555664b5e7e8",
        "is_verified": false,
        "line_number": 1
      },
      {
        "type": "Hex High Entropy String",
        "filename": "docs/SBOM/syft-scan.spdx.json",
        "hashed_secret": "06e70b9de2c6f589f1d372e07e6ed4419d42f3d8",
        "is_verified": false,
        "line_number": 1
      },
      {
        "type": "Base64 High Entropy String",
        "filename": "docs/SBOM/syft-scan.spdx.json",
        "hashed_secret": "06f9322a856d70c258913a92d407bc41109917a5",
        "is_verified": false,
        "line_number": 1
      },
      {
        "type": "Hex High Entropy String",
        "filename": "docs/SBOM/syft-scan.spdx.json",
        "hashed_secret": "077a70aeef433fe608ca52b3b08d8441f4652496",
        "is_verified": false,
        "line_number": 1
      },
      {
        "type": "Base64 High Entropy String",
        "filename": "docs/SBOM/syft-scan.spdx.json",
        "hashed_secret": "0808e38eac8a07806e3bfba29c7b70cb4c317f0e",
        "is_verified": false,
        "line_number": 1
      },
      {
        "type": "Hex High Entropy String",
        "filename": "docs/SBOM/syft-scan.spdx.json",
        "hashed_secret": "098ee1d504744baddb2b2785c8da5d84bca614c8",
        "is_verified": false,
        "line_number": 1
      },
      {
        "type": "Base64 High Entropy String",
        "filename": "docs/SBOM/syft-scan.spdx.json",
        "hashed_secret": "0d0612bd86bc1196b74a9f118fc789a5d6f2bb4d",
        "is_verified": false,
        "line_number": 1
      },
      {
        "type": "Hex High Entropy String",
        "filename": "docs/SBOM/syft-scan.spdx.json",
        "hashed_secret": "0f2b504a1762e1dda88a701e33a9519b8c49246d",
        "is_verified": false,
        "line_number": 1
      },
      {
        "type": "Hex High Entropy String",
        "filename": "docs/SBOM/syft-scan.spdx.json",
        "hashed_secret": "110dfc7e85c1365232c61dcdecad2c0ba425cbc3",
        "is_verified": false,
        "line_number": 1
      },
      {
        "type": "Base64 High Entropy String",
        "filename": "docs/SBOM/syft-scan.spdx.json",
        "hashed_secret": "11ab00b12451e0c09ebd9fb1a9cf39b1aeb3dc33",
        "is_verified": false,
        "line_number": 1
      },
      {
        "type": "Base64 High Entropy String",
        "filename": "docs/SBOM/syft-scan.spdx.json",
        "hashed_secret": "11f6967da4406f58240a1def33ef424ec0f61ea5",
        "is_verified": false,
        "line_number": 1
      },
      {
        "type": "Base64 High Entropy String",
        "filename": "docs/SBOM/syft-scan.spdx.json",
        "hashed_secret": "13397c01741c9ab0b50b13411672e0393adefc06",
        "is_verified": false,
        "line_number": 1
      },
      {
        "type": "Base64 High Entropy String",
        "filename": "docs/SBOM/syft-scan.spdx.json",
        "hashed_secret": "146b91756af7645f1c303b13d94bd1c2121f16ab",
        "is_verified": false,
        "line_number": 1
      },
      {
        "type": "Base64 High Entropy String",
        "filename": "docs/SBOM/syft-scan.spdx.json",
        "hashed_secret": "14cc65901ce20893169b05bdfebcc46ab056f4f9",
        "is_verified": false,
        "line_number": 1
      },
      {
        "type": "Hex High Entropy String",
        "filename": "docs/SBOM/syft-scan.spdx.json",
        "hashed_secret": "1521f15c2231cf4f94905e012e357b42572a01dc",
        "is_verified": false,
        "line_number": 1
      },
      {
        "type": "Base64 High Entropy String",
        "filename": "docs/SBOM/syft-scan.spdx.json",
        "hashed_secret": "152999312e09c607cdd6dfc21e24dd7c6a8793db",
        "is_verified": false,
        "line_number": 1
      },
      {
        "type": "Hex High Entropy String",
        "filename": "docs/SBOM/syft-scan.spdx.json",
        "hashed_secret": "1592481d9434a5acf60ea7de06d90db8fbcab066",
        "is_verified": false,
        "line_number": 1
      },
      {
        "type": "Hex High Entropy String",
        "filename": "docs/SBOM/syft-scan.spdx.json",
        "hashed_secret": "15b2dc361cbcf40c03df82b2291da32efeb411f4",
        "is_verified": false,
        "line_number": 1
      },
      {
        "type": "Base64 High Entropy String",
        "filename": "docs/SBOM/syft-scan.spdx.json",
        "hashed_secret": "185db12eed01b44fd037c0b1a79c15fbd5facff0",
        "is_verified": false,
        "line_number": 1
      },
      {
        "type": "Hex High Entropy String",
        "filename": "docs/SBOM/syft-scan.spdx.json",
        "hashed_secret": "1d0ee9f2df136c77fa1c35a1d86a5839ae6a885b",
        "is_verified": false,
        "line_number": 1
      },
      {
        "type": "Base64 High Entropy String",
        "filename": "docs/SBOM/syft-scan.spdx.json",
        "hashed_secret": "1e50c0d23225e896d04556aa11d4d0f8d4c62a34",
        "is_verified": false,
        "line_number": 1
      },
      {
        "type": "Hex High Entropy String",
        "filename": "docs/SBOM/syft-scan.spdx.json",
        "hashed_secret": "213d5d0b6862f88f9799d5b04f5fae2161197660",
        "is_verified": false,
        "line_number": 1
      },
      {
        "type": "Base64 High Entropy String",
        "filename": "docs/SBOM/syft-scan.spdx.json",
        "hashed_secret": "21a35c27bef745da72dcb335ad548f548bfa5018",
        "is_verified": false,
        "line_number": 1
      },
      {
        "type": "Base64 High Entropy String",
        "filename": "docs/SBOM/syft-scan.spdx.json",
        "hashed_secret": "23ebe25478340ff054c4b58c5ca603feaf72f30f",
        "is_verified": false,
        "line_number": 1
      },
      {
        "type": "Hex High Entropy String",
        "filename": "docs/SBOM/syft-scan.spdx.json",
        "hashed_secret": "24004a95c4a855d840411547215dd80bfc941d70",
        "is_verified": false,
        "line_number": 1
      },
      {
        "type": "Base64 High Entropy String",
        "filename": "docs/SBOM/syft-scan.spdx.json",
        "hashed_secret": "2426434a64747a660446013a4404a8554a8dfa29",
        "is_verified": false,
        "line_number": 1
      },
      {
        "type": "Hex High Entropy String",
        "filename": "docs/SBOM/syft-scan.spdx.json",
        "hashed_secret": "256a7a363910fd3b54c6b57e5327b40d44c49b85",
        "is_verified": false,
        "line_number": 1
      },
      {
        "type": "Hex High Entropy String",
        "filename": "docs/SBOM/syft-scan.spdx.json",
        "hashed_secret": "2855ca2939ae4bd1e11397098defba10443586c9",
        "is_verified": false,
        "line_number": 1
      },
      {
        "type": "Hex High Entropy String",
        "filename": "docs/SBOM/syft-scan.spdx.json",
        "hashed_secret": "29b2edb07853e2fb171ce2fd60be6819e1703114",
        "is_verified": false,
        "line_number": 1
      },
      {
        "type": "Hex High Entropy String",
        "filename": "docs/SBOM/syft-scan.spdx.json",
        "hashed_secret": "2e3a55e5ef7c85a582713ad8529646157dd66483",
        "is_verified": false,
        "line_number": 1
      },
      {
        "type": "Hex High Entropy String",
        "filename": "docs/SBOM/syft-scan.spdx.json",
        "hashed_secret": "2f0b226af347a7e324fc1f8d7bd1e6123710a148",
        "is_verified": false,
        "line_number": 1
      },
      {
        "type": "Hex High Entropy String",
        "filename": "docs/SBOM/syft-scan.spdx.json",
        "hashed_secret": "314b29330366d17facf9ca2f85d6ff6a8a76a594",
        "is_verified": false,
        "line_number": 1
      },
      {
        "type": "Base64 High Entropy String",
        "filename": "docs/SBOM/syft-scan.spdx.json",
        "hashed_secret": "32f91cd5d8f2bcaa278933580eb96dc0d0ccd63b",
        "is_verified": false,
        "line_number": 1
      },
      {
        "type": "Base64 High Entropy String",
        "filename": "docs/SBOM/syft-scan.spdx.json",
        "hashed_secret": "32fe078d20d307ff3a7f78c6551577235e63b1ab",
        "is_verified": false,
        "line_number": 1
      },
      {
        "type": "Hex High Entropy String",
        "filename": "docs/SBOM/syft-scan.spdx.json",
        "hashed_secret": "346606741a5df552afe3f9892f7c9da05670d543",
        "is_verified": false,
        "line_number": 1
      },
      {
        "type": "Hex High Entropy String",
        "filename": "docs/SBOM/syft-scan.spdx.json",
        "hashed_secret": "35df0dacb62a86e8e4133c7754e02212c6755a08",
        "is_verified": false,
        "line_number": 1
      },
      {
        "type": "Base64 High Entropy String",
        "filename": "docs/SBOM/syft-scan.spdx.json",
        "hashed_secret": "35fa53fbf8f1cbda5f58c001ba7618f6f39ed339",
        "is_verified": false,
        "line_number": 1
      },
      {
        "type": "Base64 High Entropy String",
        "filename": "docs/SBOM/syft-scan.spdx.json",
        "hashed_secret": "3898a843857a9fce2acd2bd9ab911de9515af137",
        "is_verified": false,
        "line_number": 1
      },
      {
        "type": "Base64 High Entropy String",
        "filename": "docs/SBOM/syft-scan.spdx.json",
        "hashed_secret": "38e7d0ec77a91a057dd6c773d5b34983c98c140a",
        "is_verified": false,
        "line_number": 1
      },
      {
        "type": "Base64 High Entropy String",
        "filename": "docs/SBOM/syft-scan.spdx.json",
        "hashed_secret": "39388bef29ae1794a151e69be3d0998a3d63c869",
        "is_verified": false,
        "line_number": 1
      },
      {
        "type": "Hex High Entropy String",
        "filename": "docs/SBOM/syft-scan.spdx.json",
        "hashed_secret": "393bddf4e68864493cae1250c44d6c6e553eba9a",
        "is_verified": false,
        "line_number": 1
      },
      {
        "type": "Hex High Entropy String",
        "filename": "docs/SBOM/syft-scan.spdx.json",
        "hashed_secret": "399227875f7b59943c45dd3a3854ff7e9a09e64f",
        "is_verified": false,
        "line_number": 1
      },
      {
        "type": "Base64 High Entropy String",
        "filename": "docs/SBOM/syft-scan.spdx.json",
        "hashed_secret": "3ab2735aa94db8a10a1cc9683c588ef0d945ec8d",
        "is_verified": false,
        "line_number": 1
      },
      {
        "type": "Hex High Entropy String",
        "filename": "docs/SBOM/syft-scan.spdx.json",
        "hashed_secret": "3b26c93b6475056a29ae92e187cf4245123b29d3",
        "is_verified": false,
        "line_number": 1
      },
      {
        "type": "Hex High Entropy String",
        "filename": "docs/SBOM/syft-scan.spdx.json",
        "hashed_secret": "3c0ba4ddd801b2f3765401060270ad534efc198d",
        "is_verified": false,
        "line_number": 1
      },
      {
        "type": "Base64 High Entropy String",
        "filename": "docs/SBOM/syft-scan.spdx.json",
        "hashed_secret": "3d8d82c13e2e47fb3277dc7396ee69ad2f12257c",
        "is_verified": false,
        "line_number": 1
      },
      {
        "type": "Hex High Entropy String",
        "filename": "docs/SBOM/syft-scan.spdx.json",
        "hashed_secret": "408834524480bdb755c96af5b95cd5ea5cbe90ad",
        "is_verified": false,
        "line_number": 1
      },
      {
        "type": "Base64 High Entropy String",
        "filename": "docs/SBOM/syft-scan.spdx.json",
        "hashed_secret": "40e127cb2cb77049107440903ee8a331e962aa95",
        "is_verified": false,
        "line_number": 1
      },
      {
        "type": "Base64 High Entropy String",
        "filename": "docs/SBOM/syft-scan.spdx.json",
        "hashed_secret": "444fcc98cc6662d7763e113b97cd6e9b88404978",
        "is_verified": false,
        "line_number": 1
      },
      {
        "type": "Base64 High Entropy String",
        "filename": "docs/SBOM/syft-scan.spdx.json",
        "hashed_secret": "46096c44092efa21dabbf9bfcc73f22e699f944d",
        "is_verified": false,
        "line_number": 1
      },
      {
        "type": "Base64 High Entropy String",
        "filename": "docs/SBOM/syft-scan.spdx.json",
        "hashed_secret": "47b08784274690db665c5e6bb2befc820164a0ef",
        "is_verified": false,
        "line_number": 1
      },
      {
        "type": "Base64 High Entropy String",
        "filename": "docs/SBOM/syft-scan.spdx.json",
        "hashed_secret": "48ffcbf336b859225b996a1514e1ebd527693156",
        "is_verified": false,
        "line_number": 1
      },
      {
        "type": "Hex High Entropy String",
        "filename": "docs/SBOM/syft-scan.spdx.json",
        "hashed_secret": "49215fbc4a4c8571d5a500af09391a0ebff42934",
        "is_verified": false,
        "line_number": 1
      },
      {
        "type": "Base64 High Entropy String",
        "filename": "docs/SBOM/syft-scan.spdx.json",
        "hashed_secret": "49477b0b2bc852e93ec986508506dc2ae30120e0",
        "is_verified": false,
        "line_number": 1
      },
      {
        "type": "Hex High Entropy String",
        "filename": "docs/SBOM/syft-scan.spdx.json",
        "hashed_secret": "49d3585643cd935aba9d6194a86d0a41e4a8e568",
        "is_verified": false,
        "line_number": 1
      },
      {
        "type": "Hex High Entropy String",
        "filename": "docs/SBOM/syft-scan.spdx.json",
        "hashed_secret": "4af044e0fc8336d309374181bbf42326e5beb960",
        "is_verified": false,
        "line_number": 1
      },
      {
        "type": "Hex High Entropy String",
        "filename": "docs/SBOM/syft-scan.spdx.json",
        "hashed_secret": "4bd174410226365cf5aab6b837ff032a0d3a6974",
        "is_verified": false,
        "line_number": 1
      },
      {
        "type": "Base64 High Entropy String",
        "filename": "docs/SBOM/syft-scan.spdx.json",
        "hashed_secret": "4c1ad28e627c3f145c3497e68a99d74589f9544d",
        "is_verified": false,
        "line_number": 1
      },
      {
        "type": "Hex High Entropy String",
        "filename": "docs/SBOM/syft-scan.spdx.json",
        "hashed_secret": "4d7e25f94e1cc7f3b245c6c6ce7171513c11277f",
        "is_verified": false,
        "line_number": 1
      },
      {
        "type": "Base64 High Entropy String",
        "filename": "docs/SBOM/syft-scan.spdx.json",
        "hashed_secret": "4e1328af242c6a9c2702ebc2559db9de316318c7",
        "is_verified": false,
        "line_number": 1
      },
      {
        "type": "Hex High Entropy String",
        "filename": "docs/SBOM/syft-scan.spdx.json",
        "hashed_secret": "4e40996c5fd11646f2d16ccc35591ef3a2d667c9",
        "is_verified": false,
        "line_number": 1
      },
      {
        "type": "Hex High Entropy String",
        "filename": "docs/SBOM/syft-scan.spdx.json",
        "hashed_secret": "4f4e7173c9ad6894df1c43f50a09014c75df6c0d",
        "is_verified": false,
        "line_number": 1
      },
      {
        "type": "Hex High Entropy String",
        "filename": "docs/SBOM/syft-scan.spdx.json",
        "hashed_secret": "50090903d22c31b0bdaf072413793ec0e48b304d",
        "is_verified": false,
        "line_number": 1
      },
      {
        "type": "Base64 High Entropy String",
        "filename": "docs/SBOM/syft-scan.spdx.json",
        "hashed_secret": "512a66507e48f17bd89ce81fe5ffd88ad89adc64",
        "is_verified": false,
        "line_number": 1
      },
      {
        "type": "Hex High Entropy String",
        "filename": "docs/SBOM/syft-scan.spdx.json",
        "hashed_secret": "512af1263adbde8de7b27276537afe9548065ea8",
        "is_verified": false,
        "line_number": 1
      },
      {
        "type": "Hex High Entropy String",
        "filename": "docs/SBOM/syft-scan.spdx.json",
        "hashed_secret": "51aed6fa4684c264d69a55e1a22cbfaf7349f498",
        "is_verified": false,
        "line_number": 1
      },
      {
        "type": "Base64 High Entropy String",
        "filename": "docs/SBOM/syft-scan.spdx.json",
        "hashed_secret": "5379da293de7904a8b063c9ea1bf1aef5fab27cd",
        "is_verified": false,
        "line_number": 1
      },
      {
        "type": "Hex High Entropy String",
        "filename": "docs/SBOM/syft-scan.spdx.json",
        "hashed_secret": "54044ed318805db513cf62e40f528a242519693f",
        "is_verified": false,
        "line_number": 1
      },
      {
        "type": "Hex High Entropy String",
        "filename": "docs/SBOM/syft-scan.spdx.json",
        "hashed_secret": "540943ad75a0d492faafbebbb11d6d8333a1ccd8",
        "is_verified": false,
        "line_number": 1
      },
      {
        "type": "Hex High Entropy String",
        "filename": "docs/SBOM/syft-scan.spdx.json",
        "hashed_secret": "541d0818ed8eca866ccd4b5d8185a1c296caed1a",
        "is_verified": false,
        "line_number": 1
      },
      {
        "type": "Base64 High Entropy String",
        "filename": "docs/SBOM/syft-scan.spdx.json",
        "hashed_secret": "5624fc43762aa5679174f3592a8998dd906969a9",
        "is_verified": false,
        "line_number": 1
      },
      {
        "type": "Hex High Entropy String",
        "filename": "docs/SBOM/syft-scan.spdx.json",
        "hashed_secret": "573a6f9bd826b56b3f167fc908cfa15fa15f2f4a",
        "is_verified": false,
        "line_number": 1
      },
      {
        "type": "Base64 High Entropy String",
        "filename": "docs/SBOM/syft-scan.spdx.json",
        "hashed_secret": "587edd34c4a4137f6c09942fc43335fd9c818ab8",
        "is_verified": false,
        "line_number": 1
      },
      {
        "type": "Base64 High Entropy String",
        "filename": "docs/SBOM/syft-scan.spdx.json",
        "hashed_secret": "591d81fbc656bddaff81b7edf136b18950c01c52",
        "is_verified": false,
        "line_number": 1
      },
      {
        "type": "Hex High Entropy String",
        "filename": "docs/SBOM/syft-scan.spdx.json",
        "hashed_secret": "5a0dc0ca7b8f95d37c39a304a7a7245cd2f0ca58",
        "is_verified": false,
        "line_number": 1
      },
      {
        "type": "Hex High Entropy String",
        "filename": "docs/SBOM/syft-scan.spdx.json",
        "hashed_secret": "5a20e54e8658e9e0da4b41ddcdd7c1cfe6921a94",
        "is_verified": false,
        "line_number": 1
      },
      {
        "type": "Base64 High Entropy String",
        "filename": "docs/SBOM/syft-scan.spdx.json",
        "hashed_secret": "5b096e7dc9a429b472dd8b5e1335bd50477b37ff",
        "is_verified": false,
        "line_number": 1
      },
      {
        "type": "Base64 High Entropy String",
        "filename": "docs/SBOM/syft-scan.spdx.json",
        "hashed_secret": "5b0f42edad3ab55691c1c02f9ec7ac04148eb801",
        "is_verified": false,
        "line_number": 1
      },
      {
        "type": "Hex High Entropy String",
        "filename": "docs/SBOM/syft-scan.spdx.json",
        "hashed_secret": "5b58f1c05cce65757aeda1d0d0f00d24a70d698c",
        "is_verified": false,
        "line_number": 1
      },
      {
        "type": "Base64 High Entropy String",
        "filename": "docs/SBOM/syft-scan.spdx.json",
        "hashed_secret": "5c0cfec6288695181e02c6a9473b72ba7d2cfe32",
        "is_verified": false,
        "line_number": 1
      },
      {
        "type": "Base64 High Entropy String",
        "filename": "docs/SBOM/syft-scan.spdx.json",
        "hashed_secret": "5d410bfdaa1e0898be3df1cf2fe4c8ad41faf447",
        "is_verified": false,
        "line_number": 1
      },
      {
        "type": "Hex High Entropy String",
        "filename": "docs/SBOM/syft-scan.spdx.json",
        "hashed_secret": "5e30e7a8638d3a7a2959837d47a3c00909f2a5da",
        "is_verified": false,
        "line_number": 1
      },
      {
        "type": "Base64 High Entropy String",
        "filename": "docs/SBOM/syft-scan.spdx.json",
        "hashed_secret": "5e94dfce55594b26ab4545fc9daf6983590ceb05",
        "is_verified": false,
        "line_number": 1
      },
      {
        "type": "Base64 High Entropy String",
        "filename": "docs/SBOM/syft-scan.spdx.json",
        "hashed_secret": "5ea9d400d2a2a76c0f1388ff45971f11c4eaf82e",
        "is_verified": false,
        "line_number": 1
      },
      {
        "type": "Base64 High Entropy String",
        "filename": "docs/SBOM/syft-scan.spdx.json",
        "hashed_secret": "645beca72c902e79863b243e33ac3a54d193053a",
        "is_verified": false,
        "line_number": 1
      },
      {
        "type": "Hex High Entropy String",
        "filename": "docs/SBOM/syft-scan.spdx.json",
        "hashed_secret": "67817b2db75b96f5bdd4d361c59213eee26896f9",
        "is_verified": false,
        "line_number": 1
      },
      {
        "type": "Base64 High Entropy String",
        "filename": "docs/SBOM/syft-scan.spdx.json",
        "hashed_secret": "681cc3fce83e49cb731288c5db3a05ea24ead9f7",
        "is_verified": false,
        "line_number": 1
      },
      {
        "type": "Base64 High Entropy String",
        "filename": "docs/SBOM/syft-scan.spdx.json",
        "hashed_secret": "6acb1ebd26f46f1bc3645247cb765325490c0e49",
        "is_verified": false,
        "line_number": 1
      },
      {
        "type": "Hex High Entropy String",
        "filename": "docs/SBOM/syft-scan.spdx.json",
        "hashed_secret": "6af440f4ba79dfc5ec70a1f3fd58a20e1a3b09b9",
        "is_verified": false,
        "line_number": 1
      },
      {
        "type": "Hex High Entropy String",
        "filename": "docs/SBOM/syft-scan.spdx.json",
        "hashed_secret": "6bf42fee3059e7b4dc50583e0dfb52491236c88a",
        "is_verified": false,
        "line_number": 1
      },
      {
        "type": "Hex High Entropy String",
        "filename": "docs/SBOM/syft-scan.spdx.json",
        "hashed_secret": "6dbdc348ecea00003653413a31c53c76629a844c",
        "is_verified": false,
        "line_number": 1
      },
      {
        "type": "Base64 High Entropy String",
        "filename": "docs/SBOM/syft-scan.spdx.json",
        "hashed_secret": "6e952db9cf15d9da24ae723c18f7c2fdc06abd36",
        "is_verified": false,
        "line_number": 1
      },
      {
        "type": "Base64 High Entropy String",
        "filename": "docs/SBOM/syft-scan.spdx.json",
        "hashed_secret": "6ef9ba0a692027429bcc3cde26aef9a698eb2fcf",
        "is_verified": false,
        "line_number": 1
      },
      {
        "type": "Hex High Entropy String",
        "filename": "docs/SBOM/syft-scan.spdx.json",
        "hashed_secret": "705731213cffe1eb553e21127af995d3422505d1",
        "is_verified": false,
        "line_number": 1
      },
      {
        "type": "Base64 High Entropy String",
        "filename": "docs/SBOM/syft-scan.spdx.json",
        "hashed_secret": "70750566c1e50f352549856b125fbb70e85ffb7e",
        "is_verified": false,
        "line_number": 1
      },
      {
        "type": "Base64 High Entropy String",
        "filename": "docs/SBOM/syft-scan.spdx.json",
        "hashed_secret": "73f4b6258b4f7ca56236c0c4eb8dc765b3d426fa",
        "is_verified": false,
        "line_number": 1
      },
      {
        "type": "Hex High Entropy String",
        "filename": "docs/SBOM/syft-scan.spdx.json",
        "hashed_secret": "745b3ec9a0a49b438d82977f9e97bc220a30333d",
        "is_verified": false,
        "line_number": 1
      },
      {
        "type": "Base64 High Entropy String",
        "filename": "docs/SBOM/syft-scan.spdx.json",
        "hashed_secret": "76ef58e866853f54ec46adb7133794c238e2b386",
        "is_verified": false,
        "line_number": 1
      },
      {
        "type": "Base64 High Entropy String",
        "filename": "docs/SBOM/syft-scan.spdx.json",
        "hashed_secret": "792464ee6f97cc36f75de4891237ff626d35ca91",
        "is_verified": false,
        "line_number": 1
      },
      {
        "type": "Base64 High Entropy String",
        "filename": "docs/SBOM/syft-scan.spdx.json",
        "hashed_secret": "7927f6a0b3f628c40025959384037892b91ef3ae",
        "is_verified": false,
        "line_number": 1
      },
      {
        "type": "Hex High Entropy String",
        "filename": "docs/SBOM/syft-scan.spdx.json",
        "hashed_secret": "799c83e22af33ac2bd6f22fc70dea910eefd7d76",
        "is_verified": false,
        "line_number": 1
      },
      {
        "type": "Hex High Entropy String",
        "filename": "docs/SBOM/syft-scan.spdx.json",
        "hashed_secret": "7a5bf66fecbe44cda2d3681ed96a3ba749b4d683",
        "is_verified": false,
        "line_number": 1
      },
      {
        "type": "Hex High Entropy String",
        "filename": "docs/SBOM/syft-scan.spdx.json",
        "hashed_secret": "7a95f11f01fe6beed736419538bff48b64592dbb",
        "is_verified": false,
        "line_number": 1
      },
      {
        "type": "Hex High Entropy String",
        "filename": "docs/SBOM/syft-scan.spdx.json",
        "hashed_secret": "7e2ce4958158bba05ca08f6fa3b2905b52fb91a0",
        "is_verified": false,
        "line_number": 1
      },
      {
        "type": "Base64 High Entropy String",
        "filename": "docs/SBOM/syft-scan.spdx.json",
        "hashed_secret": "7e8e0249f837c1dc388fb372f435858299b6e5b8",
        "is_verified": false,
        "line_number": 1
      },
      {
        "type": "Base64 High Entropy String",
        "filename": "docs/SBOM/syft-scan.spdx.json",
        "hashed_secret": "81e382d56af826a905b17b68d0586e596eac49dc",
        "is_verified": false,
        "line_number": 1
      },
      {
        "type": "Hex High Entropy String",
        "filename": "docs/SBOM/syft-scan.spdx.json",
        "hashed_secret": "83b4c57586239b7d81d7948ed06f680d601ad384",
        "is_verified": false,
        "line_number": 1
      },
      {
        "type": "Hex High Entropy String",
        "filename": "docs/SBOM/syft-scan.spdx.json",
        "hashed_secret": "861c81a6946ab2da2a028f5453fc4f23b13cf01d",
        "is_verified": false,
        "line_number": 1
      },
      {
        "type": "Hex High Entropy String",
        "filename": "docs/SBOM/syft-scan.spdx.json",
        "hashed_secret": "861cb0a528b6090d02d5ef34d7170e97a9890f9f",
        "is_verified": false,
        "line_number": 1
      },
      {
        "type": "Hex High Entropy String",
        "filename": "docs/SBOM/syft-scan.spdx.json",
        "hashed_secret": "86814aed5a85790607edc42eaefbed60c31249a8",
        "is_verified": false,
        "line_number": 1
      },
      {
        "type": "Base64 High Entropy String",
        "filename": "docs/SBOM/syft-scan.spdx.json",
        "hashed_secret": "87645e747e09d565209e7cb8cd91b8e07a61f404",
        "is_verified": false,
        "line_number": 1
      },
      {
        "type": "Base64 High Entropy String",
        "filename": "docs/SBOM/syft-scan.spdx.json",
        "hashed_secret": "889d9c75b2c4410c2c9a8a0e4f3473f23a7d8d91",
        "is_verified": false,
        "line_number": 1
      },
      {
        "type": "Hex High Entropy String",
        "filename": "docs/SBOM/syft-scan.spdx.json",
        "hashed_secret": "8b38a5f4160ca3698c8ab1c39155bd085803a1d5",
        "is_verified": false,
        "line_number": 1
      },
      {
        "type": "Base64 High Entropy String",
        "filename": "docs/SBOM/syft-scan.spdx.json",
        "hashed_secret": "8ce6b86948143c0957e8015bf200f59a576a183b",
        "is_verified": false,
        "line_number": 1
      },
      {
        "type": "Base64 High Entropy String",
        "filename": "docs/SBOM/syft-scan.spdx.json",
        "hashed_secret": "902bb3f78839e31ec1be1c4f165130454a382823",
        "is_verified": false,
        "line_number": 1
      },
      {
        "type": "Base64 High Entropy String",
        "filename": "docs/SBOM/syft-scan.spdx.json",
        "hashed_secret": "91c2e9e82f2a2125df3bbb89464a60b38b93cd47",
        "is_verified": false,
        "line_number": 1
      },
      {
        "type": "Base64 High Entropy String",
        "filename": "docs/SBOM/syft-scan.spdx.json",
        "hashed_secret": "9364049eec788451065a70265182f204bbbcd27f",
        "is_verified": false,
        "line_number": 1
      },
      {
        "type": "Hex High Entropy String",
        "filename": "docs/SBOM/syft-scan.spdx.json",
        "hashed_secret": "937d85bd93901aefffac85614c91b3f740743dd2",
        "is_verified": false,
        "line_number": 1
      },
      {
        "type": "Hex High Entropy String",
        "filename": "docs/SBOM/syft-scan.spdx.json",
        "hashed_secret": "96713582e3f299d2535de6b5eb2293b0917ca297",
        "is_verified": false,
        "line_number": 1
      },
      {
        "type": "Base64 High Entropy String",
        "filename": "docs/SBOM/syft-scan.spdx.json",
        "hashed_secret": "9715574f516e9a67b17f869845ac3e49e86e8607",
        "is_verified": false,
        "line_number": 1
      },
      {
        "type": "Base64 High Entropy String",
        "filename": "docs/SBOM/syft-scan.spdx.json",
        "hashed_secret": "98b7633d3a3442ec8deab59b63a249e591ebc56c",
        "is_verified": false,
        "line_number": 1
      },
      {
        "type": "Base64 High Entropy String",
        "filename": "docs/SBOM/syft-scan.spdx.json",
        "hashed_secret": "9bd7994e6aa6572e2f740dddb2c8ed82e73e5834",
        "is_verified": false,
        "line_number": 1
      },
      {
        "type": "Hex High Entropy String",
        "filename": "docs/SBOM/syft-scan.spdx.json",
        "hashed_secret": "9d237008a2a3a2d6ab999b67be791168b4612288",
        "is_verified": false,
        "line_number": 1
      },
      {
        "type": "Base64 High Entropy String",
        "filename": "docs/SBOM/syft-scan.spdx.json",
        "hashed_secret": "9d2712210aa851e1a8b71aaeb77491d1d060cb9a",
        "is_verified": false,
        "line_number": 1
      },
      {
        "type": "Base64 High Entropy String",
        "filename": "docs/SBOM/syft-scan.spdx.json",
        "hashed_secret": "9d5e7d75e8da52c44dcf3e2d67fa912403c3c944",
        "is_verified": false,
        "line_number": 1
      },
      {
        "type": "Hex High Entropy String",
        "filename": "docs/SBOM/syft-scan.spdx.json",
        "hashed_secret": "9f19e3c33ed119820e0a83bdee6c7a0d9c6a935b",
        "is_verified": false,
        "line_number": 1
      },
      {
        "type": "Hex High Entropy String",
        "filename": "docs/SBOM/syft-scan.spdx.json",
        "hashed_secret": "a215577603e5dff36fc51908bf70c3fb8d747577",
        "is_verified": false,
        "line_number": 1
      },
      {
        "type": "Base64 High Entropy String",
        "filename": "docs/SBOM/syft-scan.spdx.json",
        "hashed_secret": "a2754c90593270316e42e6411e83d75eda0527ce",
        "is_verified": false,
        "line_number": 1
      },
      {
        "type": "Hex High Entropy String",
        "filename": "docs/SBOM/syft-scan.spdx.json",
        "hashed_secret": "a41c4c973ebacbd7099f63f2aa2fbcbb2033d81e",
        "is_verified": false,
        "line_number": 1
      },
      {
        "type": "Base64 High Entropy String",
        "filename": "docs/SBOM/syft-scan.spdx.json",
        "hashed_secret": "a43b04943455fdd367aed540bd7aaa7b427c8c23",
        "is_verified": false,
        "line_number": 1
      },
      {
        "type": "Hex High Entropy String",
        "filename": "docs/SBOM/syft-scan.spdx.json",
        "hashed_secret": "a59d609e064c079d646837dc1b76688dd9c25bfb",
        "is_verified": false,
        "line_number": 1
      },
      {
        "type": "Hex High Entropy String",
        "filename": "docs/SBOM/syft-scan.spdx.json",
        "hashed_secret": "a5b7d728e720611731680841e72eeb8afee1a23f",
        "is_verified": false,
        "line_number": 1
      },
      {
        "type": "Hex High Entropy String",
        "filename": "docs/SBOM/syft-scan.spdx.json",
        "hashed_secret": "a6c12264a12d382e585f4a76ee36656b0817dc9c",
        "is_verified": false,
        "line_number": 1
      },
      {
        "type": "Base64 High Entropy String",
        "filename": "docs/SBOM/syft-scan.spdx.json",
        "hashed_secret": "a759dd207590d6409280f49717757c3aeca499a4",
        "is_verified": false,
        "line_number": 1
      },
      {
        "type": "Hex High Entropy String",
        "filename": "docs/SBOM/syft-scan.spdx.json",
        "hashed_secret": "abf09a858e943d90a926c3762836c9c83dcb1211",
        "is_verified": false,
        "line_number": 1
      },
      {
        "type": "Hex High Entropy String",
        "filename": "docs/SBOM/syft-scan.spdx.json",
        "hashed_secret": "ad327eaca021d20cb648544c76fca6d2404b306b",
        "is_verified": false,
        "line_number": 1
      },
      {
        "type": "Base64 High Entropy String",
        "filename": "docs/SBOM/syft-scan.spdx.json",
        "hashed_secret": "ad3e89504d982bb1be89f1520cf644f379e9dbc3",
        "is_verified": false,
        "line_number": 1
      },
      {
        "type": "Hex High Entropy String",
        "filename": "docs/SBOM/syft-scan.spdx.json",
        "hashed_secret": "add64af9ed18cce757642a8adb3d021c57084760",
        "is_verified": false,
        "line_number": 1
      },
      {
        "type": "Base64 High Entropy String",
        "filename": "docs/SBOM/syft-scan.spdx.json",
        "hashed_secret": "af5afed39dec53e15d6113bfad98fdfc831d0f0f",
        "is_verified": false,
        "line_number": 1
      },
      {
        "type": "Hex High Entropy String",
        "filename": "docs/SBOM/syft-scan.spdx.json",
        "hashed_secret": "afc72c41249959cd31d43dbd390993875d2af64e",
        "is_verified": false,
        "line_number": 1
      },
      {
        "type": "Hex High Entropy String",
        "filename": "docs/SBOM/syft-scan.spdx.json",
        "hashed_secret": "aff9c26b3c8f4703562c7bdab4b9261385daf04c",
        "is_verified": false,
        "line_number": 1
      },
      {
        "type": "Base64 High Entropy String",
        "filename": "docs/SBOM/syft-scan.spdx.json",
        "hashed_secret": "b1913fd400a99d4574d973119a106be84a16188d",
        "is_verified": false,
        "line_number": 1
      },
      {
        "type": "Base64 High Entropy String",
        "filename": "docs/SBOM/syft-scan.spdx.json",
        "hashed_secret": "b349fa0e824416a481d8ef0bbde04b0631b26df4",
        "is_verified": false,
        "line_number": 1
      },
      {
        "type": "Base64 High Entropy String",
        "filename": "docs/SBOM/syft-scan.spdx.json",
        "hashed_secret": "b418cce856742891b1a2324ef126ee67807cf119",
        "is_verified": false,
        "line_number": 1
      },
      {
        "type": "Base64 High Entropy String",
        "filename": "docs/SBOM/syft-scan.spdx.json",
        "hashed_secret": "b47799fe4a57ba91e206135580ff3cdbb95d2dd6",
        "is_verified": false,
        "line_number": 1
      },
      {
        "type": "Hex High Entropy String",
        "filename": "docs/SBOM/syft-scan.spdx.json",
        "hashed_secret": "b59db7c7d9a8a24ddbc493a9f196a3c9204104dc",
        "is_verified": false,
        "line_number": 1
      },
      {
        "type": "Hex High Entropy String",
        "filename": "docs/SBOM/syft-scan.spdx.json",
        "hashed_secret": "b633ca748603c58ffb6df3d5e2a4e6e805741aa8",
        "is_verified": false,
        "line_number": 1
      },
      {
        "type": "Base64 High Entropy String",
        "filename": "docs/SBOM/syft-scan.spdx.json",
        "hashed_secret": "b6af6fd85d4b1d2d7e22835aab06ae79ccdb493a",
        "is_verified": false,
        "line_number": 1
      },
      {
        "type": "Hex High Entropy String",
        "filename": "docs/SBOM/syft-scan.spdx.json",
        "hashed_secret": "b6ca5c48cd07fdf01219e865a5a5fc62191c89b8",
        "is_verified": false,
        "line_number": 1
      },
      {
        "type": "Hex High Entropy String",
        "filename": "docs/SBOM/syft-scan.spdx.json",
        "hashed_secret": "b7d877194e9651911ae1fefff5866be70f5217c3",
        "is_verified": false,
        "line_number": 1
      },
      {
        "type": "Hex High Entropy String",
        "filename": "docs/SBOM/syft-scan.spdx.json",
        "hashed_secret": "b9d54a25449f66bace9638a11054b0feb7629f2f",
        "is_verified": false,
        "line_number": 1
      },
      {
        "type": "Base64 High Entropy String",
        "filename": "docs/SBOM/syft-scan.spdx.json",
        "hashed_secret": "ba0a6712c8cba3bc0297886d8e573193c8f02370",
        "is_verified": false,
        "line_number": 1
      },
      {
        "type": "Hex High Entropy String",
        "filename": "docs/SBOM/syft-scan.spdx.json",
        "hashed_secret": "ba7b264c68ea271f33a9545f3587336b019df8f4",
        "is_verified": false,
        "line_number": 1
      },
      {
        "type": "Hex High Entropy String",
        "filename": "docs/SBOM/syft-scan.spdx.json",
        "hashed_secret": "bc7044509dee5f9fde809e6aa22310aef8329ea1",
        "is_verified": false,
        "line_number": 1
      },
      {
        "type": "Base64 High Entropy String",
        "filename": "docs/SBOM/syft-scan.spdx.json",
        "hashed_secret": "beca56a302f09cf14f274fab9e39e65fcf61ae35",
        "is_verified": false,
        "line_number": 1
      },
      {
        "type": "Hex High Entropy String",
        "filename": "docs/SBOM/syft-scan.spdx.json",
        "hashed_secret": "bf89b5712ddc148332c4d5be8bdd3294c43abaa0",
        "is_verified": false,
        "line_number": 1
      },
      {
        "type": "Base64 High Entropy String",
        "filename": "docs/SBOM/syft-scan.spdx.json",
        "hashed_secret": "c02abde08a76d9b40edb3461ed37e72e8efc8495",
        "is_verified": false,
        "line_number": 1
      },
      {
        "type": "Base64 High Entropy String",
        "filename": "docs/SBOM/syft-scan.spdx.json",
        "hashed_secret": "c0ef5fb41efe3aea107d1dd215e1da042633aa73",
        "is_verified": false,
        "line_number": 1
      },
      {
        "type": "Base64 High Entropy String",
        "filename": "docs/SBOM/syft-scan.spdx.json",
        "hashed_secret": "c21986cc66280a356f14f34f3ad86c9ebaaf876e",
        "is_verified": false,
        "line_number": 1
      },
      {
        "type": "Base64 High Entropy String",
        "filename": "docs/SBOM/syft-scan.spdx.json",
        "hashed_secret": "c21d5b76bc766e46ae354a4a5f951961d89d3d82",
        "is_verified": false,
        "line_number": 1
      },
      {
        "type": "Base64 High Entropy String",
        "filename": "docs/SBOM/syft-scan.spdx.json",
        "hashed_secret": "c3fe66f1a6a9ab4bd8891e0f96ef1c76b2152b78",
        "is_verified": false,
        "line_number": 1
      },
      {
        "type": "Base64 High Entropy String",
        "filename": "docs/SBOM/syft-scan.spdx.json",
        "hashed_secret": "c48bc15ea060e2f90d385666e7d72763d413a0b2",
        "is_verified": false,
        "line_number": 1
      },
      {
        "type": "Hex High Entropy String",
        "filename": "docs/SBOM/syft-scan.spdx.json",
        "hashed_secret": "c6697f9bad27d40035508ea9f65e41832f3cfc0d",
        "is_verified": false,
        "line_number": 1
      },
      {
        "type": "Hex High Entropy String",
        "filename": "docs/SBOM/syft-scan.spdx.json",
        "hashed_secret": "c7be0812a64263dd949fdb35f5a2e9edc932463b",
        "is_verified": false,
        "line_number": 1
      },
      {
        "type": "Base64 High Entropy String",
        "filename": "docs/SBOM/syft-scan.spdx.json",
        "hashed_secret": "c93427b9cbbc3812d48e0d53233025eed7b697fd",
        "is_verified": false,
        "line_number": 1
      },
      {
        "type": "Base64 High Entropy String",
        "filename": "docs/SBOM/syft-scan.spdx.json",
        "hashed_secret": "c9382148ed10a7050b99d2f9951b26832f52e962",
        "is_verified": false,
        "line_number": 1
      },
      {
        "type": "Base64 High Entropy String",
        "filename": "docs/SBOM/syft-scan.spdx.json",
        "hashed_secret": "ca5a16d886969e356a48ce01240b6947374acde7",
        "is_verified": false,
        "line_number": 1
      },
      {
        "type": "Hex High Entropy String",
        "filename": "docs/SBOM/syft-scan.spdx.json",
        "hashed_secret": "caaf3bfc9bdbeb3733fe224183a58902c5310e10",
        "is_verified": false,
        "line_number": 1
      },
      {
        "type": "Hex High Entropy String",
        "filename": "docs/SBOM/syft-scan.spdx.json",
        "hashed_secret": "cb132daf4f9179b2aafa74ed8d8c5315c052cef7",
        "is_verified": false,
        "line_number": 1
      },
      {
        "type": "Base64 High Entropy String",
        "filename": "docs/SBOM/syft-scan.spdx.json",
        "hashed_secret": "cc7c4cb7b412a0cfe2a587e4a85bb3c51b19cdc2",
        "is_verified": false,
        "line_number": 1
      },
      {
        "type": "Hex High Entropy String",
        "filename": "docs/SBOM/syft-scan.spdx.json",
        "hashed_secret": "cc8b1ca68aef0640dd8f2f74dd26a6b149e6bda0",
        "is_verified": false,
        "line_number": 1
      },
      {
        "type": "Hex High Entropy String",
        "filename": "docs/SBOM/syft-scan.spdx.json",
        "hashed_secret": "cd0846ffc03c7265e13b6712a006e9f9f9928795",
        "is_verified": false,
        "line_number": 1
      },
      {
        "type": "Base64 High Entropy String",
        "filename": "docs/SBOM/syft-scan.spdx.json",
        "hashed_secret": "cfa39a5fc6c63a643d2267655b04ec4be0d48e42",
        "is_verified": false,
        "line_number": 1
      },
      {
        "type": "Base64 High Entropy String",
        "filename": "docs/SBOM/syft-scan.spdx.json",
        "hashed_secret": "d0087f23ecb8c0f8f7587c9fbcdbfd86e3647825",
        "is_verified": false,
        "line_number": 1
      },
      {
        "type": "Base64 High Entropy String",
        "filename": "docs/SBOM/syft-scan.spdx.json",
        "hashed_secret": "d03c8c687382e1ad7d9fb2f06edc038dd95f1eeb",
        "is_verified": false,
        "line_number": 1
      },
      {
        "type": "Hex High Entropy String",
        "filename": "docs/SBOM/syft-scan.spdx.json",
        "hashed_secret": "d0533cab091c2c73b31ef7c2419ba5d11bda477e",
        "is_verified": false,
        "line_number": 1
      },
      {
        "type": "Base64 High Entropy String",
        "filename": "docs/SBOM/syft-scan.spdx.json",
        "hashed_secret": "d26ef91e4506a47f69e6118675adb863de081221",
        "is_verified": false,
        "line_number": 1
      },
      {
        "type": "Base64 High Entropy String",
        "filename": "docs/SBOM/syft-scan.spdx.json",
        "hashed_secret": "d282615a11701984c3a0ba578cbd010e8584cd8c",
        "is_verified": false,
        "line_number": 1
      },
      {
        "type": "Hex High Entropy String",
        "filename": "docs/SBOM/syft-scan.spdx.json",
        "hashed_secret": "d4011d48ab9a97c8eebac91d7bb73242270cde95",
        "is_verified": false,
        "line_number": 1
      },
      {
        "type": "Base64 High Entropy String",
        "filename": "docs/SBOM/syft-scan.spdx.json",
        "hashed_secret": "d768f88ee0332358c80046317fd6abcd00892ba2",
        "is_verified": false,
        "line_number": 1
      },
      {
        "type": "Hex High Entropy String",
        "filename": "docs/SBOM/syft-scan.spdx.json",
        "hashed_secret": "d90a4956cdc5d1b056f99c612a9c80fbf2b953f3",
        "is_verified": false,
        "line_number": 1
      },
      {
        "type": "Base64 High Entropy String",
        "filename": "docs/SBOM/syft-scan.spdx.json",
        "hashed_secret": "da02fefd6e0e05805698d3026119223386b06df7",
        "is_verified": false,
        "line_number": 1
      },
      {
        "type": "Base64 High Entropy String",
        "filename": "docs/SBOM/syft-scan.spdx.json",
        "hashed_secret": "da8b5f023d4c0ebfb624f332aae7223cf12d1854",
        "is_verified": false,
        "line_number": 1
      },
      {
        "type": "Hex High Entropy String",
        "filename": "docs/SBOM/syft-scan.spdx.json",
        "hashed_secret": "dac5b4daf0a54e8904ae9bb6db72a60805915494",
        "is_verified": false,
        "line_number": 1
      },
      {
        "type": "Base64 High Entropy String",
        "filename": "docs/SBOM/syft-scan.spdx.json",
        "hashed_secret": "daeaa18f770fbfa601ee5694caefff72578d0e7b",
        "is_verified": false,
        "line_number": 1
      },
      {
        "type": "Base64 High Entropy String",
        "filename": "docs/SBOM/syft-scan.spdx.json",
        "hashed_secret": "dbc4a41e9e2f873a020bc60b1e80b1437e208380",
        "is_verified": false,
        "line_number": 1
      },
      {
        "type": "Hex High Entropy String",
        "filename": "docs/SBOM/syft-scan.spdx.json",
        "hashed_secret": "dc0781805708d3f035b977ebe71cc7437e9a92ef",
        "is_verified": false,
        "line_number": 1
      },
      {
        "type": "Hex High Entropy String",
        "filename": "docs/SBOM/syft-scan.spdx.json",
        "hashed_secret": "dcd24458999425e17021b5411dc6b075c0780742",
        "is_verified": false,
        "line_number": 1
      },
      {
        "type": "Base64 High Entropy String",
        "filename": "docs/SBOM/syft-scan.spdx.json",
        "hashed_secret": "dcd362396e3c39a331aa3deae9f31253549b8149",
        "is_verified": false,
        "line_number": 1
      },
      {
        "type": "Hex High Entropy String",
        "filename": "docs/SBOM/syft-scan.spdx.json",
        "hashed_secret": "ddb7b2b878a94a4bb1f60738fa42f93f9707a41f",
        "is_verified": false,
        "line_number": 1
      },
      {
        "type": "Hex High Entropy String",
        "filename": "docs/SBOM/syft-scan.spdx.json",
        "hashed_secret": "de01042637107efb064644d8c18f8ff4a7e7b0b7",
        "is_verified": false,
        "line_number": 1
      },
      {
        "type": "Base64 High Entropy String",
        "filename": "docs/SBOM/syft-scan.spdx.json",
        "hashed_secret": "de88eb49e9ae6aeacfd63d4b8d0dc00c2dfcf5e7",
        "is_verified": false,
        "line_number": 1
      },
      {
        "type": "Base64 High Entropy String",
        "filename": "docs/SBOM/syft-scan.spdx.json",
        "hashed_secret": "df74d4fca0346d8d6d125947d86ac494c9c676ee",
        "is_verified": false,
        "line_number": 1
      },
      {
        "type": "Base64 High Entropy String",
        "filename": "docs/SBOM/syft-scan.spdx.json",
        "hashed_secret": "e0e60f84461db4f8a77fbe7657847b17264f5488",
        "is_verified": false,
        "line_number": 1
      },
      {
        "type": "Hex High Entropy String",
        "filename": "docs/SBOM/syft-scan.spdx.json",
        "hashed_secret": "e13a48e4781ed25d14e3a6e6b9a60e5eb873dc01",
        "is_verified": false,
        "line_number": 1
      },
      {
        "type": "Hex High Entropy String",
        "filename": "docs/SBOM/syft-scan.spdx.json",
        "hashed_secret": "e29616af09045dbfaa03a9c4833781a8495f5930",
        "is_verified": false,
        "line_number": 1
      },
      {
        "type": "Base64 High Entropy String",
        "filename": "docs/SBOM/syft-scan.spdx.json",
        "hashed_secret": "e2e45e50cda26c223f830be2b6ec7f9d55a24988",
        "is_verified": false,
        "line_number": 1
      },
      {
        "type": "Hex High Entropy String",
        "filename": "docs/SBOM/syft-scan.spdx.json",
        "hashed_secret": "e32edf96787ca26022ad4c2852c73e4191ccdc8e",
        "is_verified": false,
        "line_number": 1
      },
      {
        "type": "Base64 High Entropy String",
        "filename": "docs/SBOM/syft-scan.spdx.json",
        "hashed_secret": "e39427d0ea039ca1de218f5687f59bf63aed96d9",
        "is_verified": false,
        "line_number": 1
      },
      {
        "type": "Base64 High Entropy String",
        "filename": "docs/SBOM/syft-scan.spdx.json",
        "hashed_secret": "e3a79d3fce33172bfa2e2a207251b8b7867f1af7",
        "is_verified": false,
        "line_number": 1
      },
      {
        "type": "Base64 High Entropy String",
        "filename": "docs/SBOM/syft-scan.spdx.json",
        "hashed_secret": "e4014a976b2cec31dd24d41e07c1143b95b46268",
        "is_verified": false,
        "line_number": 1
      },
      {
        "type": "Hex High Entropy String",
        "filename": "docs/SBOM/syft-scan.spdx.json",
        "hashed_secret": "e518d1866af41bfa70d062b39c00d81d2633284f",
        "is_verified": false,
        "line_number": 1
      },
      {
        "type": "Base64 High Entropy String",
        "filename": "docs/SBOM/syft-scan.spdx.json",
        "hashed_secret": "e549e356a7e57f2bb0b68994f40114268bcdd985",
        "is_verified": false,
        "line_number": 1
      },
      {
        "type": "Base64 High Entropy String",
        "filename": "docs/SBOM/syft-scan.spdx.json",
        "hashed_secret": "e754053db91b2b11f694011156d4a39aed79b4fa",
        "is_verified": false,
        "line_number": 1
      },
      {
        "type": "Base64 High Entropy String",
        "filename": "docs/SBOM/syft-scan.spdx.json",
        "hashed_secret": "e814628e5a204948763c448b4dfa3c3495ac3a57",
        "is_verified": false,
        "line_number": 1
      },
      {
        "type": "Base64 High Entropy String",
        "filename": "docs/SBOM/syft-scan.spdx.json",
        "hashed_secret": "e93d4a21b02108bb247835641a15dc9aa5b24de7",
        "is_verified": false,
        "line_number": 1
      },
      {
        "type": "Base64 High Entropy String",
        "filename": "docs/SBOM/syft-scan.spdx.json",
        "hashed_secret": "e9ae0875db6ed1bf2208c829c681030b45ff06ce",
        "is_verified": false,
        "line_number": 1
      },
      {
        "type": "Base64 High Entropy String",
        "filename": "docs/SBOM/syft-scan.spdx.json",
        "hashed_secret": "e9d53d84ee401a2efdd3019ca6f068087f1b300e",
        "is_verified": false,
        "line_number": 1
      },
      {
        "type": "Base64 High Entropy String",
        "filename": "docs/SBOM/syft-scan.spdx.json",
        "hashed_secret": "ea1421a607544621a7f7ae4f92835231b068ff10",
        "is_verified": false,
        "line_number": 1
      },
      {
        "type": "Base64 High Entropy String",
        "filename": "docs/SBOM/syft-scan.spdx.json",
        "hashed_secret": "eb46c1d39413f02afbd1501c2d69d953ba873b08",
        "is_verified": false,
        "line_number": 1
      },
      {
        "type": "Base64 High Entropy String",
        "filename": "docs/SBOM/syft-scan.spdx.json",
        "hashed_secret": "ebc1b73826376bb78429d3cee09221fddd904ee3",
        "is_verified": false,
        "line_number": 1
      },
      {
        "type": "Hex High Entropy String",
        "filename": "docs/SBOM/syft-scan.spdx.json",
        "hashed_secret": "ed52f8ff187d9e282d8aa0a5d5a2cf74e91fc88b",
        "is_verified": false,
        "line_number": 1
      },
      {
        "type": "Hex High Entropy String",
        "filename": "docs/SBOM/syft-scan.spdx.json",
        "hashed_secret": "ed959a957674b4ed81430c4c02468c18185e7c9d",
        "is_verified": false,
        "line_number": 1
      },
      {
        "type": "Hex High Entropy String",
        "filename": "docs/SBOM/syft-scan.spdx.json",
        "hashed_secret": "edfda2e4062d4c8dd758f6a29043a0f734acf130",
        "is_verified": false,
        "line_number": 1
      },
      {
        "type": "Base64 High Entropy String",
        "filename": "docs/SBOM/syft-scan.spdx.json",
        "hashed_secret": "ee1d71d73315ca062d3d59089d1762c753156e9e",
        "is_verified": false,
        "line_number": 1
      },
      {
        "type": "Hex High Entropy String",
        "filename": "docs/SBOM/syft-scan.spdx.json",
        "hashed_secret": "ee70d29c0a2a16f34503e2c2af9aafed4b4b7097",
        "is_verified": false,
        "line_number": 1
      },
      {
        "type": "Hex High Entropy String",
        "filename": "docs/SBOM/syft-scan.spdx.json",
        "hashed_secret": "f019d3fd44c3683fe32f9fab3e3c69ccb95094b0",
        "is_verified": false,
        "line_number": 1
      },
      {
        "type": "Hex High Entropy String",
        "filename": "docs/SBOM/syft-scan.spdx.json",
        "hashed_secret": "f0f772698e14fc03edc6704025c657c10d6ca550",
        "is_verified": false,
        "line_number": 1
      },
      {
        "type": "Hex High Entropy String",
        "filename": "docs/SBOM/syft-scan.spdx.json",
        "hashed_secret": "f13da7fa4c53e5ed20e4d598b434e5a01aaf5123",
        "is_verified": false,
        "line_number": 1
      },
      {
        "type": "Base64 High Entropy String",
        "filename": "docs/SBOM/syft-scan.spdx.json",
        "hashed_secret": "f1a37c2d7ac7ca1f2a264560a3905412dcfd7455",
        "is_verified": false,
        "line_number": 1
      },
      {
        "type": "Hex High Entropy String",
        "filename": "docs/SBOM/syft-scan.spdx.json",
        "hashed_secret": "f28d86e0569dcc6f6ec48875850fbb89e14713f6",
        "is_verified": false,
        "line_number": 1
      },
      {
        "type": "Hex High Entropy String",
        "filename": "docs/SBOM/syft-scan.spdx.json",
        "hashed_secret": "f3fc139515319cec0d1e30310d18296e8245f766",
        "is_verified": false,
        "line_number": 1
      },
      {
        "type": "Base64 High Entropy String",
        "filename": "docs/SBOM/syft-scan.spdx.json",
        "hashed_secret": "f4c370f13e3e58a90318c2c132527e7e5508e841",
        "is_verified": false,
        "line_number": 1
      },
      {
        "type": "Base64 High Entropy String",
        "filename": "docs/SBOM/syft-scan.spdx.json",
        "hashed_secret": "f4e18eda21b794e0d173fec006e3f542a6a3c37c",
        "is_verified": false,
        "line_number": 1
      },
      {
        "type": "Hex High Entropy String",
        "filename": "docs/SBOM/syft-scan.spdx.json",
        "hashed_secret": "f515c3f48aa380a84389fdafeccef9817fb0474e",
        "is_verified": false,
        "line_number": 1
      },
      {
        "type": "Base64 High Entropy String",
        "filename": "docs/SBOM/syft-scan.spdx.json",
        "hashed_secret": "f587c541705d2aacb8f5077667501df025e24414",
        "is_verified": false,
        "line_number": 1
      },
      {
        "type": "Hex High Entropy String",
        "filename": "docs/SBOM/syft-scan.spdx.json",
        "hashed_secret": "f5ceff2a32fc58142c1b2e090381d1790e08e383",
        "is_verified": false,
        "line_number": 1
      },
      {
        "type": "Hex High Entropy String",
        "filename": "docs/SBOM/syft-scan.spdx.json",
        "hashed_secret": "f86c8cf0fdcb76d9e4f5987f58da7c2f94aef456",
        "is_verified": false,
        "line_number": 1
      },
      {
        "type": "Base64 High Entropy String",
        "filename": "docs/SBOM/syft-scan.spdx.json",
        "hashed_secret": "f8e530e74f4840f9e7f2a2a0903ae4f34c954753",
        "is_verified": false,
        "line_number": 1
      },
      {
        "type": "Hex High Entropy String",
        "filename": "docs/SBOM/syft-scan.spdx.json",
        "hashed_secret": "fa12bb1195f9a05dacde0a70ffef1ee625bb278c",
        "is_verified": false,
        "line_number": 1
      },
      {
        "type": "Hex High Entropy String",
        "filename": "docs/SBOM/syft-scan.spdx.json",
        "hashed_secret": "fb875ceeffe08d1ee2e0b9254a9bcb7aa3557e8f",
        "is_verified": false,
        "line_number": 1
      },
      {
        "type": "Hex High Entropy String",
        "filename": "docs/SBOM/syft-scan.spdx.json",
        "hashed_secret": "fbdebc2b287a880136020f1a3a11956293238d71",
        "is_verified": false,
        "line_number": 1
      },
      {
        "type": "Hex High Entropy String",
        "filename": "docs/SBOM/syft-scan.spdx.json",
        "hashed_secret": "fc8693100e7c59c35874a5dac523b684531d9762",
        "is_verified": false,
        "line_number": 1
      },
      {
        "type": "Base64 High Entropy String",
        "filename": "docs/SBOM/syft-scan.spdx.json",
        "hashed_secret": "fd5331521251ca168bb2e1d30dbc8e8037e15875",
        "is_verified": false,
        "line_number": 1
      },
      {
        "type": "Hex High Entropy String",
        "filename": "docs/SBOM/syft-scan.spdx.json",
        "hashed_secret": "fe9435e7fee99a6561a92cb9215ac9697f5c6eeb",
        "is_verified": false,
        "line_number": 1
      }
    ]
  },
  "generated_at": "2026-08-02T10:01:48Z"
}
